{
	"alias": "FEDORA-2014-15159",
	"bugs": [
		{
			"bug_id": 1135338,
			"title": "Typecover on Surface Pro (keyboard) doesnt work on F20",
			"bugzilla": {
				"bug_id": "1135338",
				"creation_ts": "2014-08-29 06:04:22 +0000",
				"short_desc": "Typecover on Surface Pro (keyboard) doesnt work on F20",
				"delta_ts": "2016-12-09 15:02:51 +0000",
				"bug_status": "CLOSED",
				"resolution": "ERRATA",
				"priority": "unspecified",
				"bug_severity": "unspecified",
				"blocked": [
					{
						"bug_id": "1403301",
						"creation_ts": "2016-12-09 15:02:51 +0000",
						"short_desc": "Type Cover  (keyboard) on Surface Pro doesn't work on F25",
						"delta_ts": "2016-12-09 18:25:03 +0000",
						"bug_status": "CLOSED",
						"resolution": "NOTABUG",
						"priority": "unspecified",
						"bug_severity": "unspecified",
						"depends_on": [
							"1135338"
						],
						"long_desc": [
							{
								"isprivate": "0",
								"commentid": "9971994",
								"comment_count": "0",
								"who": {
									"text": "jamundso",
									"name": "Jerry Amundson"
								},
								"bug_when": "2016-12-09 15:02:51 +0000",
								"thetext": "Created attachment 1230025\nF25 lsusb.log\n\n+++ This bug was initially created as a clone of Bug #1135338 +++\n\nDescription of problem:\n\nfully updated F20 on Surface Pro (1 and 3), Typecover keyboard does not work but mouse does.\n\n# cat /dev/hidraw0\n#shows data spewing for keyboard for X doesnt interpret it.\n\nrelated:\n\nhttps://bugs.launchpad.net/ubuntu/+source/linux/+bug/1248958\n\n--- Additional comment from Hans de Goede on 2014-08-29 03:02:21 EDT ---\n\nCan you please do (through e.g. using an external usb keyboard):\n\nsudo yum install evemu\nsudo evemu-record\n\nThe second command will print a list of input devices, can you please see if the typecover is listed there ?\nIf it is listed, please select it and then press a few keys on the cover and see if they generate events.\n\n--- Additional comment from Hans de Goede on 2014-08-29 03:04:24 EDT ---\n\nAlso do you know what kind of interface is being used between the typecover and the surface pro ?\n\nIf it is usb, can you please run:\n\nsudo lsusb -vv &> lsusb.log\n\nAnd then attach lsusb.log?\n\n--- Additional comment from Nicholas Nachefski on 2014-08-29 12:40:03 EDT ---\n\nevemu-record shows the typecover but lists it a \"UNKNOWN\"\n\n\"/dev/input/event9:\tMicrosoft Surface Type Cover UNKNOWN\"\n\n\nI get this when attempting to record that device(9)\n\nerror: this device is grabbed and I cannot record events\n\n--- Additional comment from Nicholas Nachefski on 2014-08-29 12:43:06 EDT ---\n\nIt is indeed USB.  See attachment.\n\n--- Additional comment from Nicholas Nachefski on 2014-08-29 13:13:12 EDT ---\n\n\n\n--- Additional comment from Hans de Goede on 2014-08-29 15:10:47 EDT ---\n\n(In reply to Nicholas Nachefski from comment #3)\n> evemu-record shows the typecover but lists it a \"UNKNOWN\"\n> \n> \"/dev/input/event9:\tMicrosoft Surface Type Cover UNKNOWN\"\n> \n> \n> I get this when attempting to record that device(9)\n> \n> error: this device is grabbed and I cannot record events\n\nCan you try switching to a text-console (ctrl + alt + f2), login there, and then do the \"sudo evemu-record\" from there? Then the device should not be grabbed, and you should be able to see if it properly generates events for keypresses.\n\nThanks,\n\nHans\n\n--- Additional comment from Nicholas Nachefski on 2014-09-02 12:50:10 EDT ---\n\nSo pressing keys on the keyboard itself does not spew any data.  However, when i move my finger on the mouse bad (which is attached to the keyboard) it does spew data.  pressing the keyboard keys does *not* spew any data.\n\n--- Additional comment from Nicholas Nachefski on 2014-09-02 12:51:05 EDT ---\n\n*pad\n\n--- Additional comment from Hans de Goede on 2014-09-14 17:05:51 EDT ---\n\nHi,\n\nCan you please reboot the machine, and then directly after boot, from a terminal do:\n\ndmesg > dmesg.log\nls -lR /sys/bus/usb/drivers &> usb-drivers.log\n\nAnd then attach the generated dmesg.log and usb-drivers.log files here ?\n\nThanks,\n\nHans\n\n--- Additional comment from Jerry Amundson on 2014-10-10 16:03:11 EDT ---\n\n\n\n--- Additional comment from Jerry Amundson on 2014-10-10 16:04:11 EDT ---\n\n\n\n--- Additional comment from Jerry Amundson on 2014-10-10 16:10:46 EDT ---\n\nOn my SP3, *nothing* gets recorded - keyboard and pad both give nothing.\n\n--- Additional comment from Hans de Goede on 2014-10-11 05:26:15 EDT ---\n\nHi Jerry,\n\nCan you please do the following as root:\n\ncd /sys/bus/usb/drivers/usbhid\necho '1-3:1.0' > unbind\nlsusb -vv &> /tmp/lsusb.log\n\nAnd the attach lsusb.log here ?\n\nThis will detach the usbhid driver from the keyboard, allowing lsusb to get the full hid descriptors, which should hopefully help us to figure out what is going on.\n\nRegards,\n\nHans\n\n--- Additional comment from Jerry Amundson on 2014-10-14 11:52:50 EDT ---\n\n\n\n--- Additional comment from Hans de Goede on 2014-10-15 05:52:30 EDT ---\n\n(In reply to Jerry Amundson from comment #14)\n> Created attachment 946965 [details]\n> lsusb.log\n\nThanks, all the HID descriptors are there, which is good to have, I'll let Benjamin handle this further as he is the real expert on this.\n\n--- Additional comment from Jerry Amundson on 2014-10-28 16:35:40 EDT ---\n\nJust wondering if there is anything additional I can do to help with this ... ?\n\n--- Additional comment from Benjamin Tissoires on 2014-10-30 17:00:32 EDT ---\n\nApologies for the delay, I did not had the time to look into that before today.\n\nSo the device I have been reported earlier is slightly different from yours, and yours should definitively be managed by hid-multitouch.\n\nTo ease the tests, I have pushed a branch (kernels-3.15+) with the (hopefully working) support of your device:\n\n$> git clone https://github.com/bentiss/hid-multitouch -b kernels-3.15+\n$> cd hid-multitouch\n$> make\n$> sudo rmmod hid-multitouch ; sync ; sudo insmod hid-multitouch.ko\n\nThis should enable the keyboard and also enable the mouse.\n\nI would then ask you to send me a hid-recorder trace of your device so I can test it by myself and see if I need to improve the patch or not.\nFor that, just install hid-replay from this copr[1] and capture the hid-recorder output of the Surface TypeCover.\nPlease type things (not your password), and move your fingers on the touchpad (also do some gestures like two fingers scrolls).\n\n\n[1] https://copr.fedoraproject.org/coprs/bentiss/hid-replay/\n\n--- Additional comment from Nicholas Nachefski on 2014-10-30 18:19:43 EDT ---\n\nThat worked for me.  I was able to get into the machine by using an external keyboard and then apply your patch.  Thanks!\n\n-Nick\n\n--- Additional comment from Jerry Amundson on 2014-11-12 16:16:24 EST ---\n\n\n\n--- Additional comment from Benjamin Tissoires on 2014-11-13 09:56:07 EST ---\n\n(In reply to Jerry Amundson from comment #19)\n> hid-recorder output\n\nThanks for the log. Just to be sure, this was with hid-multitouch patched?\nIf so, then the upstream choice of using hid-microsoft instead of hid-multitouch makes sense because the touchpad is still in mouse emulation mode.\n\n--- Additional comment from Jerry Amundson on 2014-11-13 10:02:09 EST ---\n\nYes, hid-multitouch patched and insmod'd.\n\n--- Additional comment from Benjamin Tissoires on 2014-11-13 10:22:13 EST ---\n\nOK, thanks for the confirmation.\n\nJosh, do you think it would be possible to backport the following commit in the F21 (or even F20?) kernel tree?\n\nhttps://git.kernel.org/cgit/linux/kernel/git/jikos/hid.git/commit/?h=for-3.19/microsoft&id=be3b16341d5cd8cf2a64fcc7a604a8efe6599ff0\n\nThis one is what will 3.19 get, so it should be safe to have it in Fedora.\n\n--- Additional comment from Josh Boyer on 2014-11-13 14:56:57 EST ---\n\nAdded to F20-rawhide kernels.  Thanks.\n\n--- Additional comment from Fedora Update System on 2014-11-15 10:03:27 EST ---\n\nkernel-3.17.3-300.fc21 has been submitted as an update for Fedora 21.\nhttps://admin.fedoraproject.org/updates/kernel-3.17.3-300.fc21\n\n--- Additional comment from Fedora Update System on 2014-11-15 11:44:31 EST ---\n\nkernel-3.17.3-200.fc20 has been submitted as an update for Fedora 20.\nhttps://admin.fedoraproject.org/updates/kernel-3.17.3-200.fc20\n\n--- Additional comment from Fedora Update System on 2014-11-16 09:39:49 EST ---\n\nPackage kernel-3.17.3-300.fc21:\n* should fix your issue,\n* was pushed to the Fedora 21 testing repository,\n* should be available at your local mirror within two days.\nUpdate it with:\n# su -c 'yum update --enablerepo=updates-testing kernel-3.17.3-300.fc21'\nas soon as you are able to, then reboot.\nPlease go to the following url:\nhttps://admin.fedoraproject.org/updates/FEDORA-2014-15159/kernel-3.17.3-300.fc21\nthen log in and leave karma (feedback).\n\n--- Additional comment from Fedora Update System on 2014-11-18 07:17:02 EST ---\n\nkernel-3.17.3-300.fc21 has been pushed to the Fedora 21 stable repository.  If problems still persist, please make note of it in this bug report.\n\n--- Additional comment from Fedora Update System on 2014-11-20 18:03:44 EST ---\n\nkernel-3.17.3-200.fc20 has been pushed to the Fedora 20 stable repository.  If problems still persist, please make note of it in this bug report."
							},
							{
								"isprivate": "0",
								"commentid": "9972586",
								"comment_count": "1",
								"who": {
									"text": "jamundso",
									"name": "Jerry Amundson"
								},
								"bug_when": "2016-12-09 18:25:03 +0000",
								"thetext": "Hardware problem - typecover had not made solid connection with the tablet.\nSorry for the noise."
							}
						]
					}
				],
				"long_desc": [
					{
						"isprivate": "0",
						"commentid": "7430008",
						"comment_count": "0",
						"who": {
							"text": "nick",
							"name": "Nicholas Schuetz"
						},
						"bug_when": "2014-08-29 06:04:22 +0000",
						"thetext": "Description of problem:\n\nfully updated F20 on Surface Pro (1 and 3), Typecover keyboard does not work but mouse does.\n\n# cat /dev/hidraw0\n#shows data spewing for keyboard for X doesnt interpret it.\n\nrelated:\n\nhttps://bugs.launchpad.net/ubuntu/+source/linux/+bug/1248958"
					},
					{
						"isprivate": "0",
						"commentid": "7430120",
						"comment_count": "1",
						"who": {
							"text": "hdegoede",
							"name": "Hans de Goede"
						},
						"bug_when": "2014-08-29 07:02:21 +0000",
						"thetext": "Can you please do (through e.g. using an external usb keyboard):\n\nsudo yum install evemu\nsudo evemu-record\n\nThe second command will print a list of input devices, can you please see if the typecover is listed there ?\nIf it is listed, please select it and then press a few keys on the cover and see if they generate events."
					},
					{
						"isprivate": "0",
						"commentid": "7430131",
						"comment_count": "2",
						"who": {
							"text": "hdegoede",
							"name": "Hans de Goede"
						},
						"bug_when": "2014-08-29 07:04:24 +0000",
						"thetext": "Also do you know what kind of interface is being used between the typecover and the surface pro ?\n\nIf it is usb, can you please run:\n\nsudo lsusb -vv &> lsusb.log\n\nAnd then attach lsusb.log?"
					},
					{
						"isprivate": "0",
						"commentid": "7431734",
						"comment_count": "3",
						"who": {
							"text": "nick",
							"name": "Nicholas Schuetz"
						},
						"bug_when": "2014-08-29 16:40:03 +0000",
						"thetext": "evemu-record shows the typecover but lists it a \"UNKNOWN\"\n\n\"/dev/input/event9:\tMicrosoft Surface Type Cover UNKNOWN\"\n\n\nI get this when attempting to record that device(9)\n\nerror: this device is grabbed and I cannot record events"
					},
					{
						"isprivate": "0",
						"commentid": "7431742",
						"comment_count": "4",
						"who": {
							"text": "nick",
							"name": "Nicholas Schuetz"
						},
						"bug_when": "2014-08-29 16:43:06 +0000",
						"thetext": "It is indeed USB.  See attachment."
					},
					{
						"isprivate": "0",
						"commentid": "7431784",
						"comment_count": "5",
						"who": {
							"text": "nick",
							"name": "Nicholas Schuetz"
						},
						"bug_when": "2014-08-29 17:13:12 +0000",
						"thetext": "Created attachment 932749\nlsusb -vv"
					},
					{
						"isprivate": "0",
						"commentid": "7432047",
						"comment_count": "6",
						"who": {
							"text": "hdegoede",
							"name": "Hans de Goede"
						},
						"bug_when": "2014-08-29 19:10:47 +0000",
						"thetext": "(In reply to Nicholas Nachefski from comment #3)\n> evemu-record shows the typecover but lists it a \"UNKNOWN\"\n> \n> \"/dev/input/event9:\tMicrosoft Surface Type Cover UNKNOWN\"\n> \n> \n> I get this when attempting to record that device(9)\n> \n> error: this device is grabbed and I cannot record events\n\nCan you try switching to a text-console (ctrl + alt + f2), login there, and then do the \"sudo evemu-record\" from there? Then the device should not be grabbed, and you should be able to see if it properly generates events for keypresses.\n\nThanks,\n\nHans"
					},
					{
						"isprivate": "0",
						"commentid": "7440299",
						"comment_count": "7",
						"who": {
							"text": "nick",
							"name": "Nicholas Schuetz"
						},
						"bug_when": "2014-09-02 16:50:10 +0000",
						"thetext": "So pressing keys on the keyboard itself does not spew any data.  However, when i move my finger on the mouse bad (which is attached to the keyboard) it does spew data.  pressing the keyboard keys does *not* spew any data."
					},
					{
						"isprivate": "0",
						"commentid": "7440302",
						"comment_count": "8",
						"who": {
							"text": "nick",
							"name": "Nicholas Schuetz"
						},
						"bug_when": "2014-09-02 16:51:05 +0000",
						"thetext": "*pad"
					},
					{
						"isprivate": "0",
						"commentid": "7478384",
						"comment_count": "9",
						"who": {
							"text": "hdegoede",
							"name": "Hans de Goede"
						},
						"bug_when": "2014-09-14 21:05:51 +0000",
						"thetext": "Hi,\n\nCan you please reboot the machine, and then directly after boot, from a terminal do:\n\ndmesg > dmesg.log\nls -lR /sys/bus/usb/drivers &> usb-drivers.log\n\nAnd then attach the generated dmesg.log and usb-drivers.log files here ?\n\nThanks,\n\nHans"
					},
					{
						"isprivate": "0",
						"commentid": "7563399",
						"comment_count": "10",
						"who": {
							"text": "jamundso",
							"name": "Jerry Amundson"
						},
						"bug_when": "2014-10-10 20:03:11 +0000",
						"thetext": "Created attachment 945808\ndmesg output"
					},
					{
						"isprivate": "0",
						"commentid": "7563402",
						"comment_count": "11",
						"who": {
							"text": "jamundso",
							"name": "Jerry Amundson"
						},
						"bug_when": "2014-10-10 20:04:11 +0000",
						"thetext": "Created attachment 945809\nusb-drivers.log"
					},
					{
						"isprivate": "0",
						"commentid": "7563417",
						"comment_count": "12",
						"who": {
							"text": "jamundso",
							"name": "Jerry Amundson"
						},
						"bug_when": "2014-10-10 20:10:46 +0000",
						"thetext": "Created attachment 945811\nevemu-record.log\n\nOn my SP3, *nothing* gets recorded - keyboard and pad both give nothing."
					},
					{
						"isprivate": "0",
						"commentid": "7564238",
						"comment_count": "13",
						"who": {
							"text": "hdegoede",
							"name": "Hans de Goede"
						},
						"bug_when": "2014-10-11 09:26:15 +0000",
						"thetext": "Hi Jerry,\n\nCan you please do the following as root:\n\ncd /sys/bus/usb/drivers/usbhid\necho '1-3:1.0' > unbind\nlsusb -vv &> /tmp/lsusb.log\n\nAnd the attach lsusb.log here ?\n\nThis will detach the usbhid driver from the keyboard, allowing lsusb to get the full hid descriptors, which should hopefully help us to figure out what is going on.\n\nRegards,\n\nHans"
					},
					{
						"isprivate": "0",
						"commentid": "7576461",
						"comment_count": "14",
						"who": {
							"text": "jamundso",
							"name": "Jerry Amundson"
						},
						"bug_when": "2014-10-14 15:52:50 +0000",
						"thetext": "Created attachment 946965\nlsusb.log"
					},
					{
						"isprivate": "0",
						"commentid": "7578716",
						"comment_count": "15",
						"who": {
							"text": "hdegoede",
							"name": "Hans de Goede"
						},
						"bug_when": "2014-10-15 09:52:30 +0000",
						"thetext": "(In reply to Jerry Amundson from comment #14)\n> Created attachment 946965 [details]\n> lsusb.log\n\nThanks, all the HID descriptors are there, which is good to have, I'll let Benjamin handle this further as he is the real expert on this."
					},
					{
						"isprivate": "0",
						"commentid": "7619859",
						"comment_count": "16",
						"who": {
							"text": "jamundso",
							"name": "Jerry Amundson"
						},
						"bug_when": "2014-10-28 20:35:40 +0000",
						"thetext": "Just wondering if there is anything additional I can do to help with this ... ?"
					},
					{
						"isprivate": "0",
						"commentid": "7628090",
						"comment_count": "17",
						"who": {
							"text": "btissoir",
							"name": "Benjamin Tissoires"
						},
						"bug_when": "2014-10-30 21:00:32 +0000",
						"thetext": "Apologies for the delay, I did not had the time to look into that before today.\n\nSo the device I have been reported earlier is slightly different from yours, and yours should definitively be managed by hid-multitouch.\n\nTo ease the tests, I have pushed a branch (kernels-3.15+) with the (hopefully working) support of your device:\n\n$> git clone https://github.com/bentiss/hid-multitouch -b kernels-3.15+\n$> cd hid-multitouch\n$> make\n$> sudo rmmod hid-multitouch ; sync ; sudo insmod hid-multitouch.ko\n\nThis should enable the keyboard and also enable the mouse.\n\nI would then ask you to send me a hid-recorder trace of your device so I can test it by myself and see if I need to improve the patch or not.\nFor that, just install hid-replay from this copr[1] and capture the hid-recorder output of the Surface TypeCover.\nPlease type things (not your password), and move your fingers on the touchpad (also do some gestures like two fingers scrolls).\n\n\n[1] https://copr.fedoraproject.org/coprs/bentiss/hid-replay/"
					},
					{
						"isprivate": "0",
						"commentid": "7628195",
						"comment_count": "18",
						"who": {
							"text": "nick",
							"name": "Nicholas Schuetz"
						},
						"bug_when": "2014-10-30 22:19:43 +0000",
						"thetext": "That worked for me.  I was able to get into the machine by using an external keyboard and then apply your patch.  Thanks!\n\n-Nick"
					},
					{
						"isprivate": "0",
						"commentid": "7667294",
						"comment_count": "19",
						"who": {
							"text": "jamundso",
							"name": "Jerry Amundson"
						},
						"bug_when": "2014-11-12 21:16:24 +0000",
						"thetext": "Created attachment 956877\nhid-recorder output"
					},
					{
						"isprivate": "0",
						"commentid": "7670402",
						"comment_count": "20",
						"who": {
							"text": "btissoir",
							"name": "Benjamin Tissoires"
						},
						"bug_when": "2014-11-13 14:56:07 +0000",
						"thetext": "(In reply to Jerry Amundson from comment #19)\n> hid-recorder output\n\nThanks for the log. Just to be sure, this was with hid-multitouch patched?\nIf so, then the upstream choice of using hid-microsoft instead of hid-multitouch makes sense because the touchpad is still in mouse emulation mode."
					},
					{
						"isprivate": "0",
						"commentid": "7670444",
						"comment_count": "21",
						"who": {
							"text": "jamundso",
							"name": "Jerry Amundson"
						},
						"bug_when": "2014-11-13 15:02:09 +0000",
						"thetext": "Yes, hid-multitouch patched and insmod'd."
					},
					{
						"isprivate": "0",
						"commentid": "7670550",
						"comment_count": "22",
						"who": {
							"text": "btissoir",
							"name": "Benjamin Tissoires"
						},
						"bug_when": "2014-11-13 15:22:13 +0000",
						"thetext": "OK, thanks for the confirmation.\n\nJosh, do you think it would be possible to backport the following commit in the F21 (or even F20?) kernel tree?\n\nhttps://git.kernel.org/cgit/linux/kernel/git/jikos/hid.git/commit/?h=for-3.19/microsoft&id=be3b16341d5cd8cf2a64fcc7a604a8efe6599ff0\n\nThis one is what will 3.19 get, so it should be safe to have it in Fedora."
					},
					{
						"isprivate": "0",
						"commentid": "7671990",
						"comment_count": "23",
						"who": {
							"text": "jwboyer",
							"name": "Josh Boyer"
						},
						"bug_when": "2014-11-13 19:56:57 +0000",
						"thetext": "Added to F20-rawhide kernels.  Thanks."
					},
					{
						"isprivate": "0",
						"commentid": "7676268",
						"comment_count": "24",
						"who": {
							"text": "updates",
							"name": "Fedora Update System"
						},
						"bug_when": "2014-11-15 15:03:27 +0000",
						"thetext": "kernel-3.17.3-300.fc21 has been submitted as an update for Fedora 21.\nhttps://admin.fedoraproject.org/updates/kernel-3.17.3-300.fc21"
					},
					{
						"isprivate": "0",
						"commentid": "7676352",
						"comment_count": "25",
						"who": {
							"text": "updates",
							"name": "Fedora Update System"
						},
						"bug_when": "2014-11-15 16:44:31 +0000",
						"thetext": "kernel-3.17.3-200.fc20 has been submitted as an update for Fedora 20.\nhttps://admin.fedoraproject.org/updates/kernel-3.17.3-200.fc20"
					},
					{
						"isprivate": "0",
						"commentid": "7676953",
						"comment_count": "26",
						"who": {
							"text": "updates",
							"name": "Fedora Update System"
						},
						"bug_when": "2014-11-16 14:39:49 +0000",
						"thetext": "Package kernel-3.17.3-300.fc21:\n* should fix your issue,\n* was pushed to the Fedora 21 testing repository,\n* should be available at your local mirror within two days.\nUpdate it with:\n# su -c 'yum update --enablerepo=updates-testing kernel-3.17.3-300.fc21'\nas soon as you are able to, then reboot.\nPlease go to the following url:\nhttps://admin.fedoraproject.org/updates/FEDORA-2014-15159/kernel-3.17.3-300.fc21\nthen log in and leave karma (feedback)."
					},
					{
						"isprivate": "0",
						"commentid": "7682784",
						"comment_count": "27",
						"who": {
							"text": "updates",
							"name": "Fedora Update System"
						},
						"bug_when": "2014-11-18 12:17:02 +0000",
						"thetext": "kernel-3.17.3-300.fc21 has been pushed to the Fedora 21 stable repository.  If problems still persist, please make note of it in this bug report."
					},
					{
						"isprivate": "0",
						"commentid": "7693317",
						"comment_count": "28",
						"who": {
							"text": "updates",
							"name": "Fedora Update System"
						},
						"bug_when": "2014-11-20 23:03:44 +0000",
						"thetext": "kernel-3.17.3-200.fc20 has been pushed to the Fedora 20 stable repository.  If problems still persist, please make note of it in this bug report."
					}
				]
			}
		},
		{
			"bug_id": 1151836,
			"title": "[abrt] WARNING: CPU: 0 PID: 1916 at drivers/net/wireless/iwlwifi/mvm/tx.c:191 iwl_mvm_set_tx_params+0x5d4/0x610 [iwlmvm]()",
			"bugzilla": {
				"bug_id": "1151836",
				"creation_ts": "2014-10-12 13:19:46 +0000",
				"short_desc": "[abrt] WARNING: CPU: 0 PID: 1916 at drivers/net/wireless/iwlwifi/mvm/tx.c:191 iwl_mvm_set_tx_params+0x5d4/0x610 [iwlmvm]()",
				"delta_ts": "2014-12-29 11:46:12 +0000",
				"bug_status": "CLOSED",
				"resolution": "ERRATA",
				"bug_file_loc": "https://retrace.fedoraproject.org/faf/reports/bthash/5db46467115cd720c41528e9fca11711dddaa355",
				"priority": "unspecified",
				"bug_severity": "unspecified",
				"external_bugs": {
					"text": "85691",
					"name": "Linux Kernel"
				},
				"long_desc": [
					{
						"isprivate": "0",
						"commentid": "7564978",
						"comment_count": "0",
						"who": {
							"text": "knut",
							"name": "Knut Torgersen"
						},
						"bug_when": "2014-10-12 13:19:46 +0000",
						"thetext": "Additional info:\nreporter:       libreport-2.2.3\nWARNING: CPU: 0 PID: 1916 at drivers/net/wireless/iwlwifi/mvm/tx.c:191 iwl_mvm_set_tx_params+0x5d4/0x610 [iwlmvm]()\nGot an HT rate for a non data frame 0x8\nModules linked in: hidp ccm ip6t_rpfilter ip6t_REJECT xt_conntrack bnep ppdev parport_pc parport fuse vmw_vsock_vmci_transport vsock vmw_vmci ebtable_nat ebtable_broute bridge stp llc ebtable_filter ebtables ip6table_nat nf_conntrack_ipv6 nf_defrag_ipv6 nf_nat_ipv6 ip6table_mangle ip6table_security ip6table_raw ip6table_filter ip6_tables iptable_nat nf_conntrack_ipv4 nf_defrag_ipv4 nf_nat_ipv4 nf_nat nf_conntrack iptable_mangle iptable_security iptable_raw vfat fat rtsx_usb_sdmmc rtsx_usb_ms mmc_core memstick rtsx_usb snd_hda_codec_realtek x86_pkg_temp_thermal coretemp arc4 kvm_intel kvm dell_wmi iwlmvm mac80211 btusb iTCO_wdt uvcvideo videobuf2_vmalloc videobuf2_memops videobuf2_core v4l2_common videodev media iwlwifi sparse_keymap dell_laptop dcdbas snd_hda_codec_hdmi snd_hda_codec_generic\niTCO_vendor_support bluetooth crct10dif_pclmul snd_hda_intel snd_hda_controller snd_hda_codec snd_hwdep snd_seq crc32_pclmul crc32c_intel i2c_i801 snd_seq_device snd_pcm snd_timer snd cfg80211 rfkill shpchp ghash_clmulni_intel microcode joydev serio_raw lpc_ich mfd_core mei_me wmi mei soundcore nfsd auth_rpcgss nfs_acl lockd sunrpc radeon i915 ttm i2c_algo_bit drm_kms_helper drm r8169 mii i2c_core video\nCPU: 0 PID: 1916 Comm: wpa_supplicant Not tainted 3.16.4-200.fc20.x86_64 #1\nHardware name: Dell Inc. Inspiron 5737/045YHR, BIOS A07 11/12/2013\n0000000000000000 000000003ee634cd ffff8804286ff7f0 ffffffff81707965\nffff8804286ff838 ffff8804286ff828 ffffffff8108d0ad ffff880446711848\nffff8803f87d8826 0000000000000000 ffff8800874cc600 ffff880412929d00\nCall Trace:\n[<ffffffff81707965>] dump_stack+0x45/0x56\n[<ffffffff8108d0ad>] warn_slowpath_common+0x7d/0xa0\n[<ffffffff8108d12c>] warn_slowpath_fmt+0x5c/0x80\n[<ffffffffa0735924>] iwl_mvm_set_tx_params+0x5d4/0x610 [iwlmvm]\n[<ffffffffa0735b74>] iwl_mvm_tx_skb+0x54/0x350 [iwlmvm]\n[<ffffffffa072eaff>] iwl_mvm_mac_tx+0xaf/0x1b0 [iwlmvm]\n[<ffffffffa068dc91>] __ieee80211_tx+0x291/0x3b0 [mac80211]\n[<ffffffffa06903ff>] ieee80211_tx+0xdf/0x110 [mac80211]\n[<ffffffffa0690641>] ieee80211_xmit+0xa1/0x100 [mac80211]\n[<ffffffffa0691097>] ieee80211_subif_start_xmit+0x6d7/0xdd0 [mac80211]\n[<ffffffff815fa9a6>] dev_hard_start_xmit+0x316/0x5c0\n[<ffffffff815e8101>] ? __alloc_skb+0xa1/0x2d0\n[<ffffffff8161d080>] sch_direct_xmit+0xe0/0x1c0\n[<ffffffff815fae51>] __dev_queue_xmit+0x201/0x4c0\n[<ffffffff815fb120>] dev_queue_xmit+0x10/0x20\n[<ffffffff816ec7d0>] packet_sendmsg+0xf50/0x10d0\n[<ffffffff815de2dc>] sock_sendmsg+0x9c/0xe0\n[<ffffffff8120eadf>] ? evict+0xff/0x170\n[<ffffffff815de861>] SYSC_sendto+0x121/0x1c0\n[<ffffffff815df8a1>] ? __sys_recvmsg+0x51/0x90\n[<ffffffff815df30e>] SyS_sendto+0xe/0x10\n[<ffffffff8170efa9>] system_call_fastpath+0x16/0x1b"
					},
					{
						"isprivate": "0",
						"commentid": "7564979",
						"comment_count": "1",
						"who": {
							"text": "knut",
							"name": "Knut Torgersen"
						},
						"bug_when": "2014-10-12 13:19:51 +0000",
						"thetext": "Created attachment 946095\nFile: dmesg"
					},
					{
						"isprivate": "0",
						"commentid": "7592739",
						"comment_count": "2",
						"who": {
							"text": "bgohar",
							"name": "Basil Mohamed Gohar"
						},
						"bug_when": "2014-10-20 19:02:32 +0000",
						"thetext": "This issue occurs to me whenever I unplug from my UltraDock.  Not sure if that's helpful at all or not."
					},
					{
						"isprivate": "0",
						"commentid": "7592827",
						"comment_count": "3",
						"who": {
							"text": "bgohar",
							"name": "Basil Mohamed Gohar"
						},
						"bug_when": "2014-10-20 19:45:20 +0000",
						"thetext": "To be precise, this error was generated (i.e., visible) when I put the computer to sleep while still docked...undocked...and then woke the computer from sleep."
					},
					{
						"isprivate": "0",
						"commentid": "7596717",
						"comment_count": "4",
						"who": {
							"text": "jwboyer",
							"name": "Josh Boyer"
						},
						"bug_when": "2014-10-21 18:52:32 +0000",
						"thetext": "*** Bug 1154880 has been marked as a duplicate of this bug. ***"
					},
					{
						"isprivate": "0",
						"commentid": "7604589",
						"comment_count": "5",
						"who": {
							"text": "jwboyer",
							"name": "Josh Boyer"
						},
						"bug_when": "2014-10-23 12:34:12 +0000",
						"thetext": "*** Bug 1156021 has been marked as a duplicate of this bug. ***"
					},
					{
						"isprivate": "0",
						"commentid": "7631544",
						"comment_count": "6",
						"who": {
							"text": "igor.redhat",
							"name": "igor.redhat@gmail.com"
						},
						"bug_when": "2014-11-01 02:59:30 +0000",
						"thetext": "Description of problem:\nI wasn't really doing anything special - browsing the web, streaming smth...\n\nVersion-Release number of selected component:\nkernel\n\nAdditional info:\nreporter:       libreport-2.2.3\ncmdline:        BOOT_IMAGE=/vmlinuz-3.16.6-203.fc20.x86_64 root=UUID=89a08fa5-a898-48a4-bb34-594c227c2dc2 ro vconsole.font=latarcyrheb-sun16 rhgb quiet LANG=en_US.UTF-8\nkernel:         3.16.6-203.fc20.x86_64\nrunlevel:       N 5\ntype:           Kerneloops\n\nTruncated backtrace:\nWARNING: CPU: 4 PID: 1299 at drivers/net/wireless/iwlwifi/mvm/tx.c:191 iwl_mvm_set_tx_params+0x5d4/0x610 [iwlmvm]()\nGot an HT rate for a non data frame 0x8\nModules linked in: nfnetlink snd_usb_audio snd_usbmidi_lib snd_rawmidi fuse ipt_MASQUERADE ccm xt_CHECKSUM tun ip6t_rpfilter bnep ip6t_REJECT xt_conntrack ebtable_nat ebtable_broute bridge stp llc ebtable_filter ebtables ip6table_nat nf_conntrack_ipv6 nf_defrag_ipv6 nf_nat_ipv6 ip6table_mangle ip6table_security ip6table_raw ip6table_filter ip6_tables iptable_nat nf_conntrack_ipv4 nf_defrag_ipv4 nf_nat_ipv4 nf_nat nf_conntrack iptable_mangle iptable_security iptable_raw vfat fat arc4 iwlmvm x86_pkg_temp_thermal coretemp kvm_intel kvm crct10dif_pclmul crc32_pclmul crc32c_intel ghash_clmulni_intel mac80211 snd_hda_codec_realtek snd_hda_codec_generic snd_hda_codec_hdmi snd_hda_intel snd_hda_controller snd_hda_codec snd_hwdep snd_seq snd_seq_device snd_pcm ideapad_laptop iwlwifi btusb cfg80211 rtsx_pci_sdmmc mmc_core snd_timer snd rtsx_pci_ms memstick uvcvideo hid_multitouch microcode soundcore videobuf2_vmalloc videobuf2_memops rtsx_pci videobuf2_core iTCO_wdt iTCO_vendor_support shpchp lpc_ich mei_me v4l2_common bluetooth videodev media mei mfd_core joydev serio_raw sparse_keymap i2c_i801 rfkill nfsd auth_rpcgss nfs_acl lockd binfmt_misc sunrpc i915 i2c_algo_bit drm_kms_helper drm r8169 mii i2c_core video\nCPU: 4 PID: 1299 Comm: wpa_supplicant Not tainted 3.16.6-203.fc20.x86_64 #1\nHardware name: LENOVO 20349/Lenovo Y50-70 Touch, BIOS 9ECN21WW(V1.04) 03/29/2014\n 0000000000000000 00000000c3f56c6b ffff8803f12877f0 ffffffff81707f45\n ffff8803f1287838 ffff8803f1287828 ffffffff8108d0bd ffff88003f461848\n ffff8800974ccc26 0000000000000000 ffff880096a00300 ffff8804062cbd00\nCall Trace:\n [<ffffffff81707f45>] dump_stack+0x45/0x56\n [<ffffffff8108d0bd>] warn_slowpath_common+0x7d/0xa0\n [<ffffffff8108d13c>] warn_slowpath_fmt+0x5c/0x80\n [<ffffffffa0704924>] iwl_mvm_set_tx_params+0x5d4/0x610 [iwlmvm]\n [<ffffffffa0704b74>] iwl_mvm_tx_skb+0x54/0x350 [iwlmvm]\n [<ffffffffa06fdaff>] iwl_mvm_mac_tx+0xaf/0x1b0 [iwlmvm]\n [<ffffffffa05edc91>] __ieee80211_tx+0x291/0x3b0 [mac80211]\n [<ffffffffa05f03ff>] ieee80211_tx+0xdf/0x110 [mac80211]\n [<ffffffffa05f0641>] ieee80211_xmit+0xa1/0x100 [mac80211]\n [<ffffffffa05f1097>] ieee80211_subif_start_xmit+0x6d7/0xdd0 [mac80211]\n [<ffffffff815e842d>] ? __alloc_skb+0x8d/0x2d0\n [<ffffffff815f0000>] ? gen_new_estimator+0xf0/0x1f0\n [<ffffffff815faf16>] dev_hard_start_xmit+0x316/0x5c0\n [<ffffffff815e8441>] ? __alloc_skb+0xa1/0x2d0\n [<ffffffff8161d5f0>] sch_direct_xmit+0xe0/0x1c0\n [<ffffffff815fb3c1>] __dev_queue_xmit+0x201/0x4c0\n [<ffffffff815fb690>] dev_queue_xmit+0x10/0x20\n [<ffffffff816ecdc0>] packet_sendmsg+0xf50/0x10d0\n [<ffffffff815de66c>] sock_sendmsg+0x9c/0xe0\n [<ffffffff8120eb6f>] ? evict+0xff/0x170\n [<ffffffff815debf1>] SYSC_sendto+0x121/0x1c0\n [<ffffffff815dfc31>] ? __sys_recvmsg+0x51/0x90\n [<ffffffff815df69e>] SyS_sendto+0xe/0x10\n [<ffffffff8170f5a9>] system_call_fastpath+0x16/0x1b"
					},
					{
						"isprivate": "0",
						"commentid": "7648721",
						"comment_count": "7",
						"who": {
							"text": "redhat-bugzilla",
							"name": "Julius B."
						},
						"bug_when": "2014-11-06 19:44:00 +0000",
						"thetext": "Description of problem:\nFirst reboot after completing the installation.\n\nVersion-Release number of selected component:\nkernel\n\nAdditional info:\nreporter:       libreport-2.3.0\ncmdline:        BOOT_IMAGE=/vmlinuz-3.17.1-302.fc21.x86_64 root=/dev/sdb4 ro rootflags=subvol=root rhgb quiet LANG=en_US.UTF-8\nkernel:         3.17.1-302.fc21.x86_64\nrunlevel:       N 5\ntype:           Kerneloops\n\nTruncated backtrace:\nWARNING: CPU: 2 PID: 802 at drivers/net/wireless/iwlwifi/mvm/tx.c:190 iwl_mvm_set_tx_params+0x62a/0x720 [iwlmvm]()\nGot an HT rate for a non data frame 0xa8\nModules linked in: rfcomm ccm fuse xt_CHECKSUM ipt_MASQUERADE nf_conntrack_netbios_ns nf_conntrack_broadcast ip6t_rpfilter ip6t_REJECT xt_conntrack ebtable_nat ebtable_broute bridge stp llc ebtable_filter ebtables ip6table_nat nf_conntrack_ipv6 nf_defrag_ipv6 nf_nat_ipv6 ip6table_mangle ip6table_security ip6table_raw ip6table_filter ip6_tables iptable_nat nf_conntrack_ipv4 nf_defrag_ipv4 nf_nat_ipv4 nf_nat nf_conntrack iptable_mangle iptable_security iptable_raw bnep arc4 x86_pkg_temp_thermal coretemp kvm_intel kvm iwlmvm mac80211 snd_hda_codec_conexant snd_hda_codec_hdmi snd_hda_codec_generic vfat fat hid_sensor_magn_3d hid_sensor_rotation hid_sensor_incl_3d hid_sensor_accel_3d hid_sensor_gyro_3d snd_hda_intel hid_sensor_als snd_hda_controller hid_sensor_trigger industrialio_triggered_buffer\n kfifo_buf snd_hda_codec iTCO_wdt industrialio crct10dif_pclmul hid_sensor_iio_common crc32_pclmul crc32c_intel snd_hwdep iTCO_vendor_support snd_seq iwlwifi ghash_clmulni_intel uvcvideo snd_seq_device videobuf2_vmalloc videobuf2_memops btusb snd_pcm videobuf2_core bluetooth cfg80211 v4l2_common serio_raw videodev hid_sensor_hub wacom media hid_multitouch rtsx_pci_ms snd_timer thinkpad_acpi memstick i2c_i801 lpc_ich mei_me mei wmi snd shpchp rfkill soundcore btrfs xor i915 rtsx_pci_sdmmc mmc_core raid6_pq i2c_algo_bit drm_kms_helper rtsx_pci drm mfd_core video\nCPU: 2 PID: 802 Comm: wpa_supplicant Not tainted 3.17.1-302.fc21.x86_64 #1\nHardware name: LENOVO 20CDCTO1WW/20CDCTO1WW, BIOS GQET38WW (1.18 ) 09/09/2014\n 0000000000000000 000000007256ce42 ffff8801feaf3808 ffffffff8173dbb1\n ffff8801feaf3850 ffff8801feaf3840 ffffffff81096e8d ffff8800d1e8da88\n ffff880212afe670 ffff8801fea02426 ffff8801f0209e00 ffff8801e1a16480\nCall Trace:\n [<ffffffff8173dbb1>] dump_stack+0x45/0x56\n [<ffffffff81096e8d>] warn_slowpath_common+0x7d/0xa0\n [<ffffffff81096f0c>] warn_slowpath_fmt+0x5c/0x80\n [<ffffffffa06ee153>] ? iwl_mvm_set_tx_params+0x43/0x720 [iwlmvm]\n [<ffffffffa06ee73a>] iwl_mvm_set_tx_params+0x62a/0x720 [iwlmvm]\n [<ffffffffa06eeab4>] iwl_mvm_tx_skb+0x54/0x400 [iwlmvm]\n [<ffffffffa06e675f>] iwl_mvm_mac_tx+0xaf/0x1c0 [iwlmvm]\n [<ffffffffa06109c0>] __ieee80211_tx+0x2d0/0x3d0 [mac80211]\n [<ffffffffa061323e>] ieee80211_tx+0xde/0x110 [mac80211]\n [<ffffffffa061347a>] ieee80211_xmit+0x9a/0xf0 [mac80211]\n [<ffffffffa0613c2b>] ieee80211_subif_start_xmit+0x4bb/0xcc0 [mac80211]\n [<ffffffff81630175>] dev_hard_start_xmit+0x335/0x5d0\n [<ffffffff816527f6>] sch_direct_xmit+0xa6/0x210\n [<ffffffff8163061c>] __dev_queue_xmit+0x20c/0x500\n [<ffffffff81630920>] dev_queue_xmit+0x10/0x20\n [<ffffffff81725c09>] packet_sendmsg+0xfb9/0x1100\n [<ffffffff8161374e>] sock_sendmsg+0x9e/0xe0\n [<ffffffff81612529>] ? move_addr_to_user+0xb9/0xe0\n [<ffffffff812283d3>] ? evict+0x103/0x190\n [<ffffffff81222c9f>] ? __d_free+0x3f/0x60\n [<ffffffff81613cf1>] SYSC_sendto+0x121/0x1c0\n [<ffffffff81614d71>] ? __sys_recvmsg+0x51/0x90\n [<ffffffff816147ae>] SyS_sendto+0xe/0x10\n [<ffffffff81744d29>] system_call_fastpath+0x16/0x1b"
					},
					{
						"isprivate": "0",
						"commentid": "7649161",
						"comment_count": "8",
						"who": {
							"text": "jsmith.fedora",
							"name": "Jared Smith"
						},
						"bug_when": "2014-11-06 22:32:40 +0000",
						"thetext": "Description of problem:\niwlwifi module kernel panicked after logging back in after locking the screen a few minutes earlier\n\nVersion-Release number of selected component:\nkernel\n\nAdditional info:\nreporter:       libreport-2.3.0\ncmdline:        BOOT_IMAGE=/vmlinuz-3.17.1-304.fc21.x86_64 root=/dev/mapper/fedora-root ro rd.lvm.lv=fedora/swap rd.luks.uuid=luks-c979861b-2fe8-4d52-b2d8-cd1fab543613 rd.lvm.lv=fedora/root rhgb quiet LANG=en_US.utf8\nkernel:         3.17.1-304.fc21.x86_64\nrunlevel:       N 5\ntype:           Kerneloops\n\nTruncated backtrace:\nWARNING: CPU: 2 PID: 1456 at drivers/net/wireless/iwlwifi/mvm/tx.c:190 iwl_mvm_set_tx_params+0x62a/0x720 [iwlmvm]()\nGot an HT rate for a non data frame 0xa8\nModules linked in: fuse xt_CHECKSUM ipt_MASQUERADE tun ccm nf_conntrack_tftp nf_conntrack_netbios_ns nf_conntrack_broadcast ip6t_rpfilter ip6t_REJECT xt_conntrack ebtable_nat ebtable_broute bridge stp llc ebtable_filter ebtables ip6table_nat nf_conntrack_ipv6 nf_defrag_ipv6 nf_nat_ipv6 ip6table_mangle ip6table_security ip6table_raw ip6table_filter ip6_tables iptable_nat nf_conntrack_ipv4 nf_defrag_ipv4 nf_nat_ipv4 nf_nat nf_conntrack iptable_mangle iptable_security iptable_raw bnep arc4 iwlmvm vfat fat mac80211 x86_pkg_temp_thermal iTCO_wdt iTCO_vendor_support coretemp uvcvideo kvm_intel videobuf2_vmalloc videobuf2_memops videobuf2_core iwlwifi v4l2_common kvm btusb videodev bluetooth snd_hda_codec_realtek snd_hda_codec_generic snd_hda_codec_hdmi media joydev snd_hda_intel serio_raw cfg80211\n snd_hda_controller i2c_i801 snd_hda_codec snd_hwdep snd_seq wmi snd_seq_device snd_pcm thinkpad_acpi tpm_tis snd_timer tpm rfkill i2c_designware_platform snd i2c_designware_core shpchp mei_me mei lpc_ich soundcore mfd_core nfsd auth_rpcgss nfs_acl lockd binfmt_misc ec_sys sunrpc dm_crypt i915 crct10dif_pclmul crc32_pclmul i2c_algo_bit drm_kms_helper crc32c_intel e1000e drm ghash_clmulni_intel ptp pps_core video\nCPU: 2 PID: 1456 Comm: wpa_supplicant Not tainted 3.17.1-304.fc21.x86_64 #1\nHardware name: LENOVO 20A7002QUS/20A7002QUS, BIOS GRET37WW (1.14 ) 05/08/2014\n 0000000000000000 0000000059b1583c ffff88020254b808 ffffffff8173dbb1\n ffff88020254b850 ffff88020254b840 ffffffff81096e8d ffff8800d549da88\n ffff88020949e670 ffff8801f60f5426 ffff8800b5173800 ffff8801ae563b00\nCall Trace:\n [<ffffffff8173dbb1>] dump_stack+0x45/0x56\n [<ffffffff81096e8d>] warn_slowpath_common+0x7d/0xa0\n [<ffffffff81096f0c>] warn_slowpath_fmt+0x5c/0x80\n [<ffffffffa06e7153>] ? iwl_mvm_set_tx_params+0x43/0x720 [iwlmvm]\n [<ffffffffa06e773a>] iwl_mvm_set_tx_params+0x62a/0x720 [iwlmvm]\n [<ffffffffa06e7ab4>] iwl_mvm_tx_skb+0x54/0x400 [iwlmvm]\n [<ffffffffa06df75f>] iwl_mvm_mac_tx+0xaf/0x1c0 [iwlmvm]\n [<ffffffffa06619c0>] __ieee80211_tx+0x2d0/0x3d0 [mac80211]\n [<ffffffffa066423e>] ieee80211_tx+0xde/0x110 [mac80211]\n [<ffffffffa066447a>] ieee80211_xmit+0x9a/0xf0 [mac80211]\n [<ffffffffa0664c2b>] ieee80211_subif_start_xmit+0x4bb/0xcc0 [mac80211]\n [<ffffffff81630175>] dev_hard_start_xmit+0x335/0x5d0\n [<ffffffff816527f6>] sch_direct_xmit+0xa6/0x210\n [<ffffffff8163061c>] __dev_queue_xmit+0x20c/0x500\n [<ffffffff81630920>] dev_queue_xmit+0x10/0x20\n [<ffffffff81725c09>] packet_sendmsg+0xfb9/0x1100\n [<ffffffff8161374e>] sock_sendmsg+0x9e/0xe0\n [<ffffffff81612529>] ? move_addr_to_user+0xb9/0xe0\n [<ffffffff812283d3>] ? evict+0x103/0x190\n [<ffffffff81222c9f>] ? __d_free+0x3f/0x60\n [<ffffffff81613cf1>] SYSC_sendto+0x121/0x1c0\n [<ffffffff816147ae>] SyS_sendto+0xe/0x10\n [<ffffffff81744d29>] system_call_fastpath+0x16/0x1b"
					},
					{
						"isprivate": "0",
						"commentid": "7651058",
						"comment_count": "9",
						"who": {
							"text": "sgruszka",
							"name": "Stanislaw Gruszka"
						},
						"bug_when": "2014-11-07 11:01:40 +0000",
						"thetext": "This should be fixed by upstream commit:\n\ncommit 1ffde699aae127e7abdb98dbdedc2cc6a973a1a1\nAuthor: Emmanuel Grumbach <emmanuel.grumbach@intel.com>\nDate:   Mon Oct 20 08:29:55 2014 +0300\n\n    Revert \"iwlwifi: mvm: treat EAPOLs like mgmt frames wrt rate\"\n\nwhich should be applied in stalble 3.17.3"
					},
					{
						"isprivate": "0",
						"commentid": "7651413",
						"comment_count": "10",
						"who": {
							"text": "jwboyer",
							"name": "Josh Boyer"
						},
						"bug_when": "2014-11-07 13:40:16 +0000",
						"thetext": "Thanks Stanislaw.  I added the patch to Fedora now since a number of people are seeing this."
					},
					{
						"isprivate": "0",
						"commentid": "7676273",
						"comment_count": "11",
						"who": {
							"text": "updates",
							"name": "Fedora Update System"
						},
						"bug_when": "2014-11-15 15:03:38 +0000",
						"thetext": "kernel-3.17.3-300.fc21 has been submitted as an update for Fedora 21.\nhttps://admin.fedoraproject.org/updates/kernel-3.17.3-300.fc21"
					},
					{
						"isprivate": "0",
						"commentid": "7676357",
						"comment_count": "12",
						"who": {
							"text": "updates",
							"name": "Fedora Update System"
						},
						"bug_when": "2014-11-15 16:44:42 +0000",
						"thetext": "kernel-3.17.3-200.fc20 has been submitted as an update for Fedora 20.\nhttps://admin.fedoraproject.org/updates/kernel-3.17.3-200.fc20"
					},
					{
						"isprivate": "0",
						"commentid": "7676958",
						"comment_count": "13",
						"who": {
							"text": "updates",
							"name": "Fedora Update System"
						},
						"bug_when": "2014-11-16 14:40:00 +0000",
						"thetext": "Package kernel-3.17.3-300.fc21:\n* should fix your issue,\n* was pushed to the Fedora 21 testing repository,\n* should be available at your local mirror within two days.\nUpdate it with:\n# su -c 'yum update --enablerepo=updates-testing kernel-3.17.3-300.fc21'\nas soon as you are able to, then reboot.\nPlease go to the following url:\nhttps://admin.fedoraproject.org/updates/FEDORA-2014-15159/kernel-3.17.3-300.fc21\nthen log in and leave karma (feedback)."
					},
					{
						"isprivate": "0",
						"commentid": "7682789",
						"comment_count": "14",
						"who": {
							"text": "updates",
							"name": "Fedora Update System"
						},
						"bug_when": "2014-11-18 12:17:24 +0000",
						"thetext": "kernel-3.17.3-300.fc21 has been pushed to the Fedora 21 stable repository.  If problems still persist, please make note of it in this bug report."
					},
					{
						"isprivate": "0",
						"commentid": "7693322",
						"comment_count": "15",
						"who": {
							"text": "updates",
							"name": "Fedora Update System"
						},
						"bug_when": "2014-11-20 23:03:54 +0000",
						"thetext": "kernel-3.17.3-200.fc20 has been pushed to the Fedora 20 stable repository.  If problems still persist, please make note of it in this bug report."
					}
				]
			}
		},
		{
			"bug_id": 1159592,
			"title": "Kernel panic when boot  kernel 3.17.1-300 and 3.17.1-304 testing",
			"bugzilla": {
				"bug_id": "1159592",
				"creation_ts": "2014-11-02 00:49:53 +0000",
				"short_desc": "Kernel panic when boot  kernel 3.17.1-300 and 3.17.1-304 testing",
				"delta_ts": "2015-01-28 00:32:56 +0000",
				"bug_status": "CLOSED",
				"resolution": "INSUFFICIENT_DATA",
				"keywords": "Reopened",
				"priority": "unspecified",
				"bug_severity": "unspecified",
				"long_desc": [
					{
						"isprivate": "0",
						"commentid": "7632526",
						"comment_count": "0",
						"who": {
							"text": "hufeng1987",
							"name": "netroby"
						},
						"bug_when": "2014-11-02 00:49:53 +0000",
						"thetext": "Description of problem:\n\nKernel panic when boot  kernel 3.17.1-300 and 3.17.1-304 testing\nVersion-Release number of selected component (if applicable):\n\n\nHow reproducible:\nInstalled Fedora 21 alpha, and yum update\n\nSteps to Reproduce:\n1. reboot system\n2. system halt when boot\n3.\n\nActual results:\nKernel panic\n\nExpected results:\nBoot system\n\nAdditional info:\n3.16.1 kernel was ok\n\n3.16.1-301.fc21.i686 \n\nthis was ok"
					},
					{
						"isprivate": "0",
						"commentid": "7632528",
						"comment_count": "1",
						"who": {
							"text": "hufeng1987",
							"name": "netroby"
						},
						"bug_when": "2014-11-02 00:53:09 +0000",
						"thetext": "The system dmesg\n----------------------------------------------------------------------------\n[lanear@localhost ~]$ dmesg \n[    0.000000] Initializing cgroup subsys cpuset\n[    0.000000] Initializing cgroup subsys cpu\n[    0.000000] Initializing cgroup subsys cpuacct\n[    0.000000] Linux version 3.16.1-301.fc21.i686 (mockbuild@bkernel02.phx2.fedoraproject.org) (gcc version 4.9.1 20140813 (Red Hat 4.9.1-7) (GCC) ) #1 SMP Mon Aug 25 13:31:40 UTC 2014\n[    0.000000] e820: BIOS-provided physical RAM map:\n[    0.000000] BIOS-e820: [mem 0x0000000000000000-0x000000000009e7ff] usable\n[    0.000000] BIOS-e820: [mem 0x000000000009e800-0x000000000009ffff] reserved\n[    0.000000] BIOS-e820: [mem 0x00000000000e0000-0x00000000000fffff] reserved\n[    0.000000] BIOS-e820: [mem 0x0000000000100000-0x00000000be820fff] usable\n[    0.000000] BIOS-e820: [mem 0x00000000be821000-0x00000000beb01fff] reserved\n[    0.000000] BIOS-e820: [mem 0x00000000beb02000-0x00000000bee59fff] ACPI NVS\n[    0.000000] BIOS-e820: [mem 0x00000000bee5a000-0x00000000bf17cfff] reserved\n[    0.000000] BIOS-e820: [mem 0x00000000bf17d000-0x00000000bf17dfff] usable\n[    0.000000] BIOS-e820: [mem 0x00000000bf17e000-0x00000000bf383fff] ACPI NVS\n[    0.000000] BIOS-e820: [mem 0x00000000bf384000-0x00000000bf7fffff] usable\n[    0.000000] BIOS-e820: [mem 0x00000000fec00000-0x00000000fec00fff] reserved\n[    0.000000] BIOS-e820: [mem 0x00000000fec10000-0x00000000fec10fff] reserved\n[    0.000000] BIOS-e820: [mem 0x00000000fed00000-0x00000000fed00fff] reserved\n[    0.000000] BIOS-e820: [mem 0x00000000fed80000-0x00000000fed8ffff] reserved\n[    0.000000] BIOS-e820: [mem 0x00000000ff000000-0x00000000ffffffff] reserved\n[    0.000000] BIOS-e820: [mem 0x0000000100001000-0x000000013effffff] usable\n[    0.000000] Notice: NX (Execute Disable) protection cannot be enabled: non-PAE kernel!\n[    0.000000] SMBIOS 2.7 present.\n[    0.000000] DMI: Gigabyte Technology Co., Ltd. To be filled by O.E.M./F2A85XM-HD3, BIOS F1 11/05/2012\n[    0.000000] e820: update [mem 0x00000000-0x00000fff] usable ==> reserved\n[    0.000000] e820: remove [mem 0x000a0000-0x000fffff] usable\n[    0.000000] e820: last_pfn = 0xbf800 max_arch_pfn = 0x100000\n[    0.000000] MTRR default type: uncachable\n[    0.000000] MTRR fixed ranges enabled:\n[    0.000000]   00000-9FFFF write-back\n[    0.000000]   A0000-BFFFF write-through\n[    0.000000]   C0000-CFFFF write-protect\n[    0.000000]   D0000-E7FFF uncachable\n[    0.000000]   E8000-FFFFF write-protect\n[    0.000000] MTRR variable ranges enabled:\n[    0.000000]   0 base 000000000000 mask FFFF80000000 write-back\n[    0.000000]   1 base 000080000000 mask FFFFC0000000 write-back\n[    0.000000]   2 base 0000BF800000 mask FFFFFF800000 uncachable\n[    0.000000]   3 disabled\n[    0.000000]   4 disabled                                                                                                                                                                                        \n[    0.000000]   5 disabled                                                                                                                                                                                        \n[    0.000000]   6 disabled                                                                                                                                                                                        \n[    0.000000]   7 disabled                                                                                                                                                                                        \n[    0.000000] TOM2: 000000013f000000 aka 5104M                                                                                                                                                                    \n[    0.000000] x86 PAT enabled: cpu 0, old 0x7040600070406, new 0x7010600070106                                                                                                                                    \n[    0.000000] e820: update [mem 0xbf800000-0xffffffff] usable ==> reserved                                                                                                                                        \n[    0.000000] found SMP MP-table at [mem 0x000fd790-0x000fd79f] mapped at [c00fd790]                                                                                                                              \n[    0.000000] initial memory mapped: [mem 0x00000000-0x013fffff]                                                                                                                                                  \n[    0.000000] Base memory trampoline at [c009a000] 9a000 size 16384                                                                                                                                               \n[    0.000000] init_memory_mapping: [mem 0x00000000-0x000fffff]                                                                                                                                                    \n[    0.000000]  [mem 0x00000000-0x000fffff] page 4k                                                                                                                                                                \n[    0.000000] init_memory_mapping: [mem 0x35800000-0x35bfffff]                                                                                                                                                    \n[    0.000000]  [mem 0x35800000-0x35bfffff] page 2M                                                                                                                                                                \n[    0.000000] init_memory_mapping: [mem 0x30000000-0x357fffff]\n[    0.000000]  [mem 0x30000000-0x357fffff] page 2M\n[    0.000000] init_memory_mapping: [mem 0x00100000-0x2fffffff]\n[    0.000000]  [mem 0x00100000-0x003fffff] page 4k\n[    0.000000]  [mem 0x00400000-0x2fffffff] page 2M\n[    0.000000] init_memory_mapping: [mem 0x35c00000-0x373fdfff]\n[    0.000000]  [mem 0x35c00000-0x36ffffff] page 2M\n[    0.000000]  [mem 0x37000000-0x373fdfff] page 4k\n[    0.000000] BRK [0x00ee8000, 0x00ee8fff] PGTABLE\n[    0.000000] BRK [0x00ee9000, 0x00eeafff] PGTABLE\n[    0.000000] RAMDISK: [mem 0x35c14000-0x36e01fff]\n[    0.000000] ACPI: Early table checksum verification disabled\n[    0.000000] ACPI: RSDP 0x000F0490 000024 (v02 ALASKA)\n[    0.000000] ACPI: XSDT 0xBEE44078 000074 (v01 ALASKA A M I    01072009 AMI  00010013)\n[    0.000000] ACPI: FACP 0xBEE49AD0 0000F4 (v04 ALASKA A M I    01072009 AMI  00010013)\n[    0.000000] ACPI BIOS Warning (bug): Optional FADT field Pm2ControlBlock has zero address or length: 0x0000000000000000/0x1 (20140424/tbfadt-649)\n[    0.000000] ACPI: DSDT 0xBEE44188 005945 (v02 ALASKA A M I    00000000 INTL 20051117)\n[    0.000000] ACPI: FACS 0xBEE52D80 000040\n[    0.000000] ACPI: APIC 0xBEE49BC8 000072 (v03 ALASKA A M I    01072009 AMI  00010013)\n[    0.000000] ACPI: FPDT 0xBEE49C40 000044 (v01 ALASKA A M I    01072009 AMI  00010013)\n[    0.000000] ACPI: MCFG 0xBEE49C88 00003C (v01 ALASKA A M I    01072009 MSFT 00010013)\n[    0.000000] ACPI: HPET 0xBEE49CC8 000038 (v01 ALASKA A M I    01072009 AMI  00000005)\n[    0.000000] ACPI: IFEU 0xBEE49D00 000042 (v01 ALASKA A M I    01072009      00000000)\n[    0.000000] ACPI: SSDT 0xBEE49D48 0006B2 (v01 AMD    POWERNOW 00000001 AMD  00000001)\n[    0.000000] ACPI: SSDT 0xBEE4A400 0004B7 (v02 AMD    ALIB     00000001 MSFT 04000000)\n[    0.000000] ACPI: IVRS 0xBEE4A8B8 000070 (v02 AMD    AMDIOMMU 00000001 AMD  00000000)\n[    0.000000] ACPI: CRAT 0xBEE4A928 000180 (v01 AMD    AGESA    00000001 AMD  00000001)\n[    0.000000] ACPI: Local APIC address 0xfee00000\n[    0.000000] 2180MB HIGHMEM available.\n[    0.000000] 883MB LOWMEM available.\n[    0.000000]   mapped low ram: 0 - 373fe000\n[    0.000000]   low ram: 0 - 373fe000\n[    0.000000] BRK [0x00eeb000, 0x00eebfff] PGTABLE\n[    0.000000] Zone ranges:\n[    0.000000]   DMA      [mem 0x00001000-0x00ffffff]\n[    0.000000]   Normal   [mem 0x01000000-0x373fdfff]\n[    0.000000]   HighMem  [mem 0x373fe000-0xbf7fffff]\n[    0.000000] Movable zone start for each node\n[    0.000000] Early memory node ranges\n[    0.000000]   node   0: [mem 0x00001000-0x0009dfff]\n[    0.000000]   node   0: [mem 0x00100000-0xbe820fff]\n[    0.000000]   node   0: [mem 0xbf17d000-0xbf17dfff]\n[    0.000000]   node   0: [mem 0xbf384000-0xbf7fffff]\n[    0.000000] On node 0 totalpages: 781371\n[    0.000000] free_area_init_node: node 0, pgdat c0d2e600, node_mem_map f4424020\n[    0.000000]   DMA zone: 32 pages used for memmap\n[    0.000000]   DMA zone: 0 pages reserved\n[    0.000000]   DMA zone: 3997 pages, LIFO batch:0\n[    0.000000]   Normal zone: 1736 pages used for memmap\n[    0.000000]   Normal zone: 222206 pages, LIFO batch:31\n[    0.000000]   HighMem zone: 4361 pages used for memmap\n[    0.000000]   HighMem zone: 555168 pages, LIFO batch:31\n[    0.000000] Using APIC driver default\n[    0.000000] ACPI: PM-Timer IO Port: 0x808\n[    0.000000] ACPI: Local APIC address 0xfee00000\n[    0.000000] ACPI: LAPIC (acpi_id[0x01] lapic_id[0x10] enabled)\n[    0.000000] ACPI: LAPIC (acpi_id[0x02] lapic_id[0x11] enabled)\n[    0.000000] ACPI: LAPIC (acpi_id[0x03] lapic_id[0x16] disabled)\n[    0.000000] ACPI: LAPIC (acpi_id[0x04] lapic_id[0x17] disabled)\n[    0.000000] ACPI: LAPIC_NMI (acpi_id[0xff] high edge lint[0x1])\n[    0.000000] ACPI: IOAPIC (id[0x03] address[0xfec00000] gsi_base[0])\n[    0.000000] IOAPIC[0]: apic_id 3, version 33, address 0xfec00000, GSI 0-23\n[    0.000000] ACPI: INT_SRC_OVR (bus 0 bus_irq 0 global_irq 2 dfl dfl)\n[    0.000000] ACPI: INT_SRC_OVR (bus 0 bus_irq 9 global_irq 9 low level)\n[    0.000000] ACPI: IRQ0 used by override.\n[    0.000000] ACPI: IRQ2 used by override.\n[    0.000000] ACPI: IRQ9 used by override.\n[    0.000000] Using ACPI (MADT) for SMP configuration information\n[    0.000000] ACPI: HPET id: 0x10228210 base: 0xfed00000\n[    0.000000] smpboot: Allowing 4 CPUs, 2 hotplug CPUs\n[    0.000000] nr_irqs_gsi: 40\n[    0.000000] PM: Registered nosave memory: [mem 0x0009e000-0x0009efff]\n[    0.000000] PM: Registered nosave memory: [mem 0x0009f000-0x0009ffff]\n[    0.000000] PM: Registered nosave memory: [mem 0x000a0000-0x000dffff]\n[    0.000000] PM: Registered nosave memory: [mem 0x000e0000-0x000fffff]\n[    0.000000] e820: [mem 0xbf800000-0xfebfffff] available for PCI devices\n[    0.000000] Booting paravirtualized kernel on bare hardware\n[    0.000000] setup_percpu: NR_CPUS:32 nr_cpumask_bits:4 nr_cpu_ids:4 nr_node_ids:1\n[    0.000000] PERCPU: Embedded 14 pages/cpu @f73b4000 s33472 r0 d23872 u57344\n[    0.000000] pcpu-alloc: s33472 r0 d23872 u57344 alloc=14*4096\n[    0.000000] pcpu-alloc: [0] 0 [0] 1 [0] 2 [0] 3 \n[    0.000000] Built 1 zonelists in Zone order, mobility grouping on.  Total pages: 779603\n[    0.000000] Kernel command line: BOOT_IMAGE=/vmlinuz-3.16.1-301.fc21.i686 root=/dev/sda3 ro rootflags=subvol=root rhgb quiet LANG=zh_CN.UTF-8\n[    0.000000] PID hash table entries: 4096 (order: 2, 16384 bytes)\n[    0.000000] Dentry cache hash table entries: 131072 (order: 7, 524288 bytes)\n[    0.000000] Inode-cache hash table entries: 65536 (order: 6, 262144 bytes)\n[    0.000000] Initializing CPU#0\n[    0.000000] xsave: enabled xstate_bv 0x7, cntxt size 0x340\n[    0.000000] allocated 6275064 bytes of page_cgroup\n[    0.000000] please try 'cgroup_disable=memory' option if you don't want memory cgroups\n[    0.000000] Initializing HighMem for node 0 (000373fe:000bf800)\n[    0.000000] Initializing Movable for node 0 (00000000:00000000)\n[    0.000000] Memory: 3064140K/3125484K available (6321K kernel code, 651K rwdata, 2528K rodata, 720K init, 888K bss, 61344K reserved, 2220672K highmem)\n[    0.000000] virtual kernel memory layout:\n    fixmap  : 0xffa96000 - 0xfffff000   (5540 kB)\n    pkmap   : 0xff400000 - 0xff800000   (4096 kB)\n    vmalloc : 0xf7bfe000 - 0xff3fe000   ( 120 MB)\n    lowmem  : 0xc0000000 - 0xf73fe000   ( 883 MB)\n      .init : 0xc0d4a000 - 0xc0dfe000   ( 720 kB)\n      .data : 0xc0a2c80f - 0xc0d48f40   (3185 kB)\n      .text : 0xc0400000 - 0xc0a2c80f   (6322 kB)\n[    0.000000] Checking if this processor honours the WP bit even in supervisor mode...Ok.\n[    0.000000] SLUB: HWalign=64, Order=0-3, MinObjects=0, CPUs=4, Nodes=1\n[    0.000000] Hierarchical RCU implementation.\n[    0.000000]  RCU restricting CPUs from NR_CPUS=32 to nr_cpu_ids=4.\n[    0.000000]  Offload RCU callbacks from all CPUs\n[    0.000000]  Offload RCU callbacks from CPUs: 0-3.\n[    0.000000] RCU: Adjusting geometry for rcu_fanout_leaf=16, nr_cpu_ids=4\n[    0.000000] NR_IRQS:2304 nr_irqs:712 16\n[    0.000000] CPU 0 irqstacks, hard=f380a000 soft=f380c000\n[    0.000000] Console: colour VGA+ 80x25\n[    0.000000] console [tty0] enabled\n[    0.000000] hpet clockevent registered\n[    0.000000] tsc: Fast TSC calibration using PIT\n[    0.000000] tsc: Detected 3600.042 MHz processor\n[    0.000028] Calibrating delay loop (skipped), value calculated using timer frequency.. 7200.08 BogoMIPS (lpj=3600042)\n[    0.000030] pid_max: default: 32768 minimum: 301\n[    0.000036] ACPI: Core revision 20140424\n[    0.003088] ACPI: All ACPI Tables successfully acquired\n[    0.010634] Security Framework initialized\n[    0.010643] SELinux:  Initializing.\n[    0.010648] SELinux:  Starting in permissive mode\n[    0.010678] Mount-cache hash table entries: 2048 (order: 1, 8192 bytes)\n[    0.010680] Mountpoint-cache hash table entries: 2048 (order: 1, 8192 bytes)\n[    0.010849] Initializing cgroup subsys memory\n[    0.010867] Initializing cgroup subsys devices\n[    0.010873] Initializing cgroup subsys freezer\n[    0.010876] Initializing cgroup subsys net_cls\n[    0.010879] Initializing cgroup subsys blkio\n[    0.010883] Initializing cgroup subsys perf_event\n[    0.010885] Initializing cgroup subsys net_prio\n[    0.010906] CPU: Physical Processor ID: 0\n[    0.010907] CPU: Processor Core ID: 0\n[    0.010910] mce: CPU supports 7 MCE banks\n[    0.010921] Last level iTLB entries: 4KB 512, 2MB 1024, 4MB 512\nLast level dTLB entries: 4KB 1024, 2MB 1024, 4MB 512, 1GB 0\ntlb_flushall_shift: 6\n[    0.011029] Freeing SMP alternatives memory: 24K (c0dfe000 - c0e04000)\n[    0.011657] ftrace: allocating 25752 entries in 51 pages\n[    0.018975] Enabling APIC mode:  Flat.  Using 1 I/O APICs\n[    0.019291] ..TIMER: vector=0x30 apic1=0 pin1=2 apic2=-1 pin2=-1\n[    0.029278] smpboot: CPU0: AMD A8-5600K APU with Radeon(tm) HD Graphics (fam: 15, model: 10, stepping: 01)\n[    0.130838] Performance Events: Fam15h core perfctr, AMD PMU driver.\n[    0.130843] ... version:                0\n[    0.130844] ... bit width:              48\n[    0.130845] ... generic registers:      6\n[    0.130846] ... value mask:             0000ffffffffffff\n[    0.130847] ... max period:             00007fffffffffff\n[    0.130848] ... fixed-purpose events:   0\n[    0.130849] ... event mask:             000000000000003f\n[    0.132280] NMI watchdog: enabled on all CPUs, permanently consumes one hw-PMU counter.\n[    0.132348] CPU 1 irqstacks, hard=f3962000 soft=f3964000\n[    0.132349] x86: Booting SMP configuration:\n[    0.132351] .... node  #0, CPUs:      #1\n[    0.142526] Initializing CPU#1\n[    0.145474] x86: Booted up 1 node, 2 CPUs\n[    0.145479] smpboot: Total of 2 processors activated (14400.16 BogoMIPS)\n[    0.145902] devtmpfs: initialized\n[    0.146144] PM: Registering ACPI NVS region [mem 0xbeb02000-0xbee59fff] (3506176 bytes)\n[    0.146187] PM: Registering ACPI NVS region [mem 0xbf17e000-0xbf383fff] (2121728 bytes)\n[    0.147098] atomic64_test: passed for i586+ platform with CX8 and with SSE\n[    0.147101] pinctrl core: initialized pinctrl subsystem\n[    0.147143] RTC time:  0:40:22, date: 11/02/14\n[    0.147183] NET: Registered protocol family 16\n[    0.147289] cpuidle: using governor menu\n[    0.147378] ACPI: bus type PCI registered\n[    0.147380] acpiphp: ACPI Hot Plug PCI Controller Driver version: 0.5\n[    0.147444] PCI: MMCONFIG for domain 0000 [bus 00-ff] at [mem 0xe0000000-0xefffffff] (base 0xe0000000)\n[    0.147446] PCI: not using MMCONFIG\n[    0.156096] PCI: Using configuration type 1 for base access\n[    0.156097] PCI: Using configuration type 1 for extended access\n[    0.159156] ACPI: Added _OSI(Module Device)\n[    0.159159] ACPI: Added _OSI(Processor Device)\n[    0.159161] ACPI: Added _OSI(3.0 _SCP Extensions)\n[    0.159162] ACPI: Added _OSI(Processor Aggregator Device)\n[    0.160479] ACPI: Executed 1 blocks of module-level executable AML code\n[    0.162059] [Firmware Bug]: ACPI: BIOS _OSI(Linux) query ignored\n[    0.162382] ACPI: Interpreter enabled\n[    0.162392] ACPI Exception: AE_NOT_FOUND, While evaluating Sleep State [\\_S1_] (20140424/hwxface-580)\n[    0.162396] ACPI Exception: AE_NOT_FOUND, While evaluating Sleep State [\\_S2_] (20140424/hwxface-580)\n[    0.162407] ACPI: (supports S0 S3 S4 S5)\n[    0.162408] ACPI: Using IOAPIC for interrupt routing\n[    0.162518] PCI: MMCONFIG for domain 0000 [bus 00-ff] at [mem 0xe0000000-0xefffffff] (base 0xe0000000)\n[    0.162548] PCI: MMCONFIG at [mem 0xe0000000-0xefffffff] reserved in ACPI motherboard resources\n[    0.162550] PCI: Using MMCONFIG for extended config space\n[    0.162561] PCI: Using host bridge windows from ACPI; if necessary, use \"pci=nocrs\" and report a bug\n[    0.184335] ACPI: PCI Root Bridge [PCI0] (domain 0000 [bus 00-ff])\n[    0.184341] acpi PNP0A03:00: _OSC: OS supports [ExtendedConfig ASPM ClockPM Segments MSI]\n[    0.184525] acpi PNP0A03:00: _OSC: OS now controls [PCIeHotplug PME AER PCIeCapability]\n[    0.184840] PCI host bridge to bus 0000:00\n[    0.184842] pci_bus 0000:00: root bus resource [bus 00-ff]\n[    0.184845] pci_bus 0000:00: root bus resource [io  0x0000-0x03af]\n[    0.184847] pci_bus 0000:00: root bus resource [io  0x03e0-0x0cf7]\n[    0.184848] pci_bus 0000:00: root bus resource [io  0x03b0-0x03df]\n[    0.184850] pci_bus 0000:00: root bus resource [io  0x0d00-0xffff]\n[    0.184852] pci_bus 0000:00: root bus resource [mem 0x000a0000-0x000bffff]\n[    0.184853] pci_bus 0000:00: root bus resource [mem 0x000c0000-0x000dffff]\n[    0.184855] pci_bus 0000:00: root bus resource [mem 0xc0000000-0xffffffff]\n[    0.184862] pci 0000:00:00.0: [1022:1410] type 00 class 0x060000\n[    0.184938] pci 0000:00:00.2: [1022:1419] type 00 class 0x080600\n[    0.185033] pci 0000:00:02.0: [1022:1412] type 01 class 0x060400\n[    0.185072] pci 0000:00:02.0: PME# supported from D0 D3hot D3cold\n[    0.185107] pci 0000:00:02.0: System wakeup disabled by ACPI\n[    0.185143] pci 0000:00:04.0: [1022:1414] type 01 class 0x060400\n[    0.185181] pci 0000:00:04.0: PME# supported from D0 D3hot D3cold\n[    0.185215] pci 0000:00:04.0: System wakeup disabled by ACPI\n[    0.185273] pci 0000:00:10.0: [1022:7812] type 00 class 0x0c0330\n[    0.185294] pci 0000:00:10.0: reg 0x10: [mem 0xfeb06000-0xfeb07fff 64bit]\n[    0.185385] pci 0000:00:10.0: PME# supported from D0 D3hot D3cold\n[    0.185429] pci 0000:00:10.0: System wakeup disabled by ACPI\n[    0.185477] pci 0000:00:10.1: [1022:7812] type 00 class 0x0c0330\n[    0.185497] pci 0000:00:10.1: reg 0x10: [mem 0xfeb04000-0xfeb05fff 64bit]\n[    0.185588] pci 0000:00:10.1: PME# supported from D0 D3hot D3cold\n[    0.185630] pci 0000:00:10.1: System wakeup disabled by ACPI\n[    0.185675] pci 0000:00:11.0: [1022:7801] type 00 class 0x010601\n[    0.185690] pci 0000:00:11.0: reg 0x10: [io  0xf040-0xf047]\n[    0.185698] pci 0000:00:11.0: reg 0x14: [io  0xf030-0xf033]\n[    0.185706] pci 0000:00:11.0: reg 0x18: [io  0xf020-0xf027]\n[    0.185714] pci 0000:00:11.0: reg 0x1c: [io  0xf010-0xf013]\n[    0.185724] pci 0000:00:11.0: reg 0x20: [io  0xf000-0xf00f]\n[    0.185732] pci 0000:00:11.0: reg 0x24: [mem 0xfeb0d000-0xfeb0d7ff]\n[    0.185824] pci 0000:00:12.0: [1022:7807] type 00 class 0x0c0310\n[    0.185835] pci 0000:00:12.0: reg 0x10: [mem 0xfeb0c000-0xfeb0cfff]\n[    0.185906] pci 0000:00:12.0: System wakeup disabled by ACPI\n[    0.185947] pci 0000:00:12.2: [1022:7808] type 00 class 0x0c0320\n[    0.185962] pci 0000:00:12.2: reg 0x10: [mem 0xfeb0b000-0xfeb0b0ff]\n[    0.186028] pci 0000:00:12.2: supports D1 D2\n[    0.186030] pci 0000:00:12.2: PME# supported from D0 D1 D2 D3hot\n[    0.186063] pci 0000:00:12.2: System wakeup disabled by ACPI\n[    0.186103] pci 0000:00:13.0: [1022:7807] type 00 class 0x0c0310\n[    0.186114] pci 0000:00:13.0: reg 0x10: [mem 0xfeb0a000-0xfeb0afff]\n[    0.186185] pci 0000:00:13.0: System wakeup disabled by ACPI\n[    0.186225] pci 0000:00:13.2: [1022:7808] type 00 class 0x0c0320\n[    0.186240] pci 0000:00:13.2: reg 0x10: [mem 0xfeb09000-0xfeb090ff]\n[    0.186306] pci 0000:00:13.2: supports D1 D2\n[    0.186308] pci 0000:00:13.2: PME# supported from D0 D1 D2 D3hot\n[    0.186341] pci 0000:00:13.2: System wakeup disabled by ACPI\n[    0.186381] pci 0000:00:14.0: [1022:780b] type 00 class 0x0c0500\n[    0.186487] pci 0000:00:14.2: [1022:780d] type 00 class 0x040300\n[    0.186505] pci 0000:00:14.2: reg 0x10: [mem 0xfeb00000-0xfeb03fff 64bit]\n[    0.186558] pci 0000:00:14.2: PME# supported from D0 D3hot D3cold\n[    0.186589] pci 0000:00:14.2: System wakeup disabled by ACPI\n[    0.186624] pci 0000:00:14.3: [1022:780e] type 00 class 0x060100\n[    0.186734] pci 0000:00:14.4: [1022:780f] type 01 class 0x060401\n[    0.186788] pci 0000:00:14.4: System wakeup disabled by ACPI\n[    0.186821] pci 0000:00:14.5: [1022:7809] type 00 class 0x0c0310\n[    0.186832] pci 0000:00:14.5: reg 0x10: [mem 0xfeb08000-0xfeb08fff]\n[    0.186905] pci 0000:00:14.5: System wakeup disabled by ACPI\n[    0.186941] pci 0000:00:18.0: [1022:1400] type 00 class 0x060000\n[    0.187005] pci 0000:00:18.1: [1022:1401] type 00 class 0x060000\n[    0.187062] pci 0000:00:18.2: [1022:1402] type 00 class 0x060000\n[    0.187122] pci 0000:00:18.3: [1022:1403] type 00 class 0x060000\n[    0.187184] pci 0000:00:18.4: [1022:1404] type 00 class 0x060000\n[    0.187241] pci 0000:00:18.5: [1022:1405] type 00 class 0x060000\n[    0.187349] pci 0000:01:00.0: [1002:683d] type 00 class 0x030000\n[    0.187362] pci 0000:01:00.0: reg 0x10: [mem 0xc0000000-0xcfffffff 64bit pref]\n[    0.187371] pci 0000:01:00.0: reg 0x18: [mem 0xfea00000-0xfea3ffff 64bit]\n[    0.187378] pci 0000:01:00.0: reg 0x20: [io  0xe000-0xe0ff]\n[    0.187390] pci 0000:01:00.0: reg 0x30: [mem 0xfea40000-0xfea5ffff pref]\n[    0.187429] pci 0000:01:00.0: supports D1 D2\n[    0.187431] pci 0000:01:00.0: PME# supported from D1 D2 D3hot\n[    0.187481] pci 0000:01:00.1: [1002:aab0] type 00 class 0x040300\n[    0.187494] pci 0000:01:00.1: reg 0x10: [mem 0xfea60000-0xfea63fff 64bit]\n[    0.187554] pci 0000:01:00.1: supports D1 D2\n[    0.188739] pci 0000:00:02.0: PCI bridge to [bus 01]\n[    0.188746] pci 0000:00:02.0:   bridge window [io  0xe000-0xefff]\n[    0.188749] pci 0000:00:02.0:   bridge window [mem 0xfea00000-0xfeafffff]\n[    0.188753] pci 0000:00:02.0:   bridge window [mem 0xc0000000-0xcfffffff 64bit pref]\n[    0.188839] pci 0000:02:00.0: [10ec:8168] type 00 class 0x020000\n[    0.188856] pci 0000:02:00.0: reg 0x10: [io  0xd000-0xd0ff]\n[    0.188877] pci 0000:02:00.0: reg 0x18: [mem 0xd0004000-0xd0004fff 64bit pref]\n[    0.188890] pci 0000:02:00.0: reg 0x20: [mem 0xd0000000-0xd0003fff 64bit pref]\n[    0.188957] pci 0000:02:00.0: supports D1 D2\n[    0.188958] pci 0000:02:00.0: PME# supported from D0 D1 D2 D3hot D3cold\n[    0.188989] pci 0000:02:00.0: System wakeup disabled by ACPI\n[    0.190740] pci 0000:00:04.0: PCI bridge to [bus 02]\n[    0.190747] pci 0000:00:04.0:   bridge window [io  0xd000-0xdfff]\n[    0.190752] pci 0000:00:04.0:   bridge window [mem 0xd0000000-0xd00fffff 64bit pref]\n[    0.190839] pci 0000:00:14.4: PCI bridge to [bus 03] (subtractive decode)\n[    0.190847] pci 0000:00:14.4:   bridge window [io  0x0000-0x03af] (subtractive decode)\n[    0.190849] pci 0000:00:14.4:   bridge window [io  0x03e0-0x0cf7] (subtractive decode)\n[    0.190851] pci 0000:00:14.4:   bridge window [io  0x03b0-0x03df] (subtractive decode)\n[    0.190852] pci 0000:00:14.4:   bridge window [io  0x0d00-0xffff] (subtractive decode)\n[    0.190854] pci 0000:00:14.4:   bridge window [mem 0x000a0000-0x000bffff] (subtractive decode)\n[    0.190856] pci 0000:00:14.4:   bridge window [mem 0x000c0000-0x000dffff] (subtractive decode)\n[    0.190858] pci 0000:00:14.4:   bridge window [mem 0xc0000000-0xffffffff] (subtractive decode)\n[    0.190873] pci_bus 0000:00: on NUMA node 0\n[    0.191302] ACPI: PCI Interrupt Link [LNKA] (IRQs 4 5 7 10 11 14 15) *0\n[    0.191355] ACPI: PCI Interrupt Link [LNKB] (IRQs 4 5 7 10 11 14 15) *0\n[    0.191412] ACPI: PCI Interrupt Link [LNKC] (IRQs 4 5 7 10 11 14 15) *0\n[    0.191465] ACPI: PCI Interrupt Link [LNKD] (IRQs 4 5 7 10 11 14 15) *0\n[    0.191508] ACPI: PCI Interrupt Link [LNKE] (IRQs 4 5 7 10 11 14 15) *0\n[    0.191542] ACPI: PCI Interrupt Link [LNKF] (IRQs 4 5 7 10 11 14 15) *0\n[    0.191576] ACPI: PCI Interrupt Link [LNKG] (IRQs 4 5 7 10 11 14 15) *0\n[    0.191610] ACPI: PCI Interrupt Link [LNKH] (IRQs 4 5 7 10 11 14 15) *0\n[    0.191793] vgaarb: device added: PCI:0000:01:00.0,decodes=io+mem,owns=io+mem,locks=none\n[    0.191795] vgaarb: loaded\n[    0.191796] vgaarb: bridge control possible 0000:01:00.0\n[    0.191874] SCSI subsystem initialized\n[    0.191919] libata version 3.00 loaded.\n[    0.191945] ACPI: bus type USB registered\n[    0.191964] usbcore: registered new interface driver usbfs\n[    0.191972] usbcore: registered new interface driver hub\n[    0.191998] usbcore: registered new device driver usb\n[    0.192067] PCI: Using ACPI for IRQ routing\n[    0.198881] PCI: pci_cache_line_size set to 64 bytes\n[    0.198926] e820: reserve RAM buffer [mem 0x0009e800-0x0009ffff]\n[    0.198928] e820: reserve RAM buffer [mem 0xbe821000-0xbfffffff]\n[    0.198930] e820: reserve RAM buffer [mem 0xbf17e000-0xbfffffff]\n[    0.198931] e820: reserve RAM buffer [mem 0xbf800000-0xbfffffff]\n[    0.199027] NetLabel: Initializing\n[    0.199028] NetLabel:  domain hash size = 128\n[    0.199029] NetLabel:  protocols = UNLABELED CIPSOv4\n[    0.199038] NetLabel:  unlabeled traffic allowed by default\n[    0.199095] hpet0: at MMIO 0xfed00000, IRQs 2, 8, 0\n[    0.199098] hpet0: 3 comparators, 32-bit 14.318180 MHz counter\n[    0.201132] Switched to clocksource hpet\n[    0.207359] pnp: PnP ACPI init\n[    0.207377] ACPI: bus type PNP registered\n[    0.207488] system 00:00: [mem 0xe0000000-0xefffffff] has been reserved\n[    0.207492] system 00:00: Plug and Play ACPI device, IDs PNP0c01 (active)\n[    0.207719] system 00:01: [io  0x04d0-0x04d1] has been reserved\n[    0.207721] system 00:01: [io  0x040b] has been reserved\n[    0.207723] system 00:01: [io  0x04d6] has been reserved\n[    0.207725] system 00:01: [io  0x0c00-0x0c01] has been reserved\n[    0.207727] system 00:01: [io  0x0c14] has been reserved\n[    0.207729] system 00:01: [io  0x0c50-0x0c51] has been reserved\n[    0.207730] system 00:01: [io  0x0c52] has been reserved\n[    0.207732] system 00:01: [io  0x0c6c] has been reserved\n[    0.207734] system 00:01: [io  0x0c6f] has been reserved\n[    0.207735] system 00:01: [io  0x0cd0-0x0cd1] has been reserved\n[    0.207737] system 00:01: [io  0x0cd2-0x0cd3] has been reserved\n[    0.207739] system 00:01: [io  0x0cd4-0x0cd5] has been reserved\n[    0.207741] system 00:01: [io  0x0cd6-0x0cd7] has been reserved\n[    0.207742] system 00:01: [io  0x0cd8-0x0cdf] has been reserved\n[    0.207744] system 00:01: [io  0x0800-0x089f] could not be reserved\n[    0.207746] system 00:01: [io  0x0b20-0x0b3f] has been reserved\n[    0.207748] system 00:01: [io  0x0900-0x090f] has been reserved\n[    0.207750] system 00:01: [io  0x0910-0x091f] has been reserved\n[    0.207751] system 00:01: [io  0xfe00-0xfefe] has been reserved\n[    0.207754] system 00:01: [mem 0xfec00000-0xfec00fff] could not be reserved\n[    0.207756] system 00:01: [mem 0xfee00000-0xfee00fff] has been reserved\n[    0.207758] system 00:01: [mem 0xfed80000-0xfed8ffff] has been reserved\n[    0.207760] system 00:01: [mem 0xfed61000-0xfed70fff] has been reserved\n[    0.207762] system 00:01: [mem 0xfec10000-0xfec10fff] has been reserved\n[    0.207764] system 00:01: [mem 0xfed00000-0xfed00fff] could not be reserved\n[    0.207766] system 00:01: [mem 0xff000000-0xffffffff] has been reserved\n[    0.207769] system 00:01: Plug and Play ACPI device, IDs PNP0c02 (active)\n[    0.207884] system 00:02: [io  0x0220-0x0227] has been reserved\n[    0.207886] system 00:02: [io  0x0228-0x0237] has been reserved\n[    0.207888] system 00:02: [io  0x0a20-0x0a2f] has been reserved\n[    0.207890] system 00:02: Plug and Play ACPI device, IDs PNP0c02 (active)\n[    0.208096] pnp 00:03: [dma 0 disabled]\n[    0.208149] pnp 00:03: Plug and Play ACPI device, IDs PNP0501 (active)\n[    0.208378] pnp 00:04: [dma 0 disabled]\n[    0.208473] pnp 00:04: Plug and Play ACPI device, IDs PNP0400 (active)\n[    0.208503] pnp 00:05: Plug and Play ACPI device, IDs PNP0b00 (active)\n[    0.208552] system 00:06: [io  0x04d0-0x04d1] has been reserved\n[    0.208554] system 00:06: Plug and Play ACPI device, IDs PNP0c02 (active)\n[    0.208593] system 00:07: Plug and Play ACPI device, IDs PNP0c02 (active)\n[    0.208693] system 00:08: Plug and Play ACPI device, IDs PNP0c02 (active)\n[    0.208762] system 00:09: [mem 0xfeb80000-0xfebfffff] has been reserved\n[    0.208764] system 00:09: Plug and Play ACPI device, IDs PNP0c02 (active)\n[    0.208845] pnp: PnP ACPI: found 10 devices\n[    0.208846] ACPI: bus type PNP unregistered\n[    0.245504] pci 0000:00:02.0: PCI bridge to [bus 01]\n[    0.245508] pci 0000:00:02.0:   bridge window [io  0xe000-0xefff]\n[    0.245511] pci 0000:00:02.0:   bridge window [mem 0xfea00000-0xfeafffff]\n[    0.245514] pci 0000:00:02.0:   bridge window [mem 0xc0000000-0xcfffffff 64bit pref]\n[    0.245518] pci 0000:00:04.0: PCI bridge to [bus 02]\n[    0.245520] pci 0000:00:04.0:   bridge window [io  0xd000-0xdfff]\n[    0.245524] pci 0000:00:04.0:   bridge window [mem 0xd0000000-0xd00fffff 64bit pref]\n[    0.245527] pci 0000:00:14.4: PCI bridge to [bus 03]\n[    0.245537] pci_bus 0000:00: resource 4 [io  0x0000-0x03af]\n[    0.245539] pci_bus 0000:00: resource 5 [io  0x03e0-0x0cf7]\n[    0.245541] pci_bus 0000:00: resource 6 [io  0x03b0-0x03df]\n[    0.245542] pci_bus 0000:00: resource 7 [io  0x0d00-0xffff]\n[    0.245544] pci_bus 0000:00: resource 8 [mem 0x000a0000-0x000bffff]\n[    0.245545] pci_bus 0000:00: resource 9 [mem 0x000c0000-0x000dffff]\n[    0.245547] pci_bus 0000:00: resource 10 [mem 0xc0000000-0xffffffff]\n[    0.245549] pci_bus 0000:01: resource 0 [io  0xe000-0xefff]\n[    0.245551] pci_bus 0000:01: resource 1 [mem 0xfea00000-0xfeafffff]\n[    0.245552] pci_bus 0000:01: resource 2 [mem 0xc0000000-0xcfffffff 64bit pref]\n[    0.245554] pci_bus 0000:02: resource 0 [io  0xd000-0xdfff]\n[    0.245556] pci_bus 0000:02: resource 2 [mem 0xd0000000-0xd00fffff 64bit pref]\n[    0.245558] pci_bus 0000:03: resource 4 [io  0x0000-0x03af]\n[    0.245559] pci_bus 0000:03: resource 5 [io  0x03e0-0x0cf7]\n[    0.245561] pci_bus 0000:03: resource 6 [io  0x03b0-0x03df]\n[    0.245562] pci_bus 0000:03: resource 7 [io  0x0d00-0xffff]\n[    0.245564] pci_bus 0000:03: resource 8 [mem 0x000a0000-0x000bffff]\n[    0.245566] pci_bus 0000:03: resource 9 [mem 0x000c0000-0x000dffff]\n[    0.245567] pci_bus 0000:03: resource 10 [mem 0xc0000000-0xffffffff]\n[    0.245589] NET: Registered protocol family 2\n[    0.245763] TCP established hash table entries: 8192 (order: 3, 32768 bytes)\n[    0.245776] TCP bind hash table entries: 8192 (order: 4, 65536 bytes)\n[    0.245795] TCP: Hash tables configured (established 8192 bind 8192)\n[    0.245816] TCP: reno registered\n[    0.245818] UDP hash table entries: 512 (order: 2, 16384 bytes)\n[    0.245824] UDP-Lite hash table entries: 512 (order: 2, 16384 bytes)\n[    0.245863] NET: Registered protocol family 1\n[    0.464945] pci 0000:01:00.0: Boot video device\n[    0.464952] PCI: CLS 64 bytes, default 64\n[    0.465017] Unpacking initramfs...\n[    0.724498] Freeing initrd memory: 18360K (f5c14000 - f6e02000)\n[    0.724657] perf: AMD NB counters detected\n[    0.724671] LVT offset 0 assigned for vector 0x400\n[    0.724681] perf: AMD IBS detected (0x000000ff)\n[    0.724872] apm: BIOS not found.\n[    0.727551] futex hash table entries: 1024 (order: 4, 65536 bytes)\n[    0.727573] Initialise system trusted keyring\n[    0.727589] audit: initializing netlink subsys (disabled)\n[    0.727604] audit: type=2000 audit(1414888822.618:1): initialized\n[    0.727852] HugeTLB registered 4 MB page size, pre-allocated 0 pages\n[    0.729366] zbud: loaded\n[    0.729473] VFS: Disk quotas dquot_6.5.2\n[    0.729507] Dquot-cache hash table entries: 1024 (order 0, 4096 bytes)\n[    0.729815] msgmni has been set to 1683\n[    0.729867] Key type big_key registered\n[    0.729869] SELinux:  Registering netfilter hooks\n[    0.730754] alg: No test for stdrng (krng)\n[    0.730765] NET: Registered protocol family 38\n[    0.730770] Key type asymmetric registered\n[    0.730773] Asymmetric key parser 'x509' registered\n[    0.730789] bounce: pool size: 64 pages\n[    0.730820] Block layer SCSI generic (bsg) driver version 0.4 loaded (major 252)\n[    0.730871] io scheduler noop registered\n[    0.730874] io scheduler deadline registered\n[    0.730922] io scheduler cfq registered (default)\n[    0.731141] pcieport 0000:00:02.0: irq 40 for MSI/MSI-X\n[    0.731256] pcieport 0000:00:04.0: irq 41 for MSI/MSI-X\n[    0.731333] pcieport 0000:00:02.0: Signaling PME through PCIe PME interrupt\n[    0.731335] pci 0000:01:00.0: Signaling PME through PCIe PME interrupt\n[    0.731336] pci 0000:01:00.1: Signaling PME through PCIe PME interrupt\n[    0.731339] pcie_pme 0000:00:02.0:pcie01: service driver pcie_pme loaded\n[    0.731351] pcieport 0000:00:04.0: Signaling PME through PCIe PME interrupt\n[    0.731353] pci 0000:02:00.0: Signaling PME through PCIe PME interrupt\n[    0.731355] pcie_pme 0000:00:04.0:pcie01: service driver pcie_pme loaded\n[    0.731370] pci_hotplug: PCI Hot Plug PCI Core version: 0.5\n[    0.731384] pciehp: PCI Express Hot Plug Controller Driver version: 0.4\n[    0.731503] input: Power Button as /devices/LNXSYSTM:00/LNXSYBUS:00/PNP0C0C:00/input/input0\n[    0.731506] ACPI: Power Button [PWRB]\n[    0.731543] input: Power Button as /devices/LNXSYSTM:00/LNXPWRBN:00/input/input1\n[    0.731545] ACPI: Power Button [PWRF]\n[    0.731584] ACPI: acpi_idle registered with cpuidle\n[    0.731764] GHES: HEST is not enabled!\n[    0.731815] Serial: 8250/16550 driver, 4 ports, IRQ sharing enabled\n[    0.752284] 00:03: ttyS0 at I/O 0x3f8 (irq = 4, base_baud = 115200) is a 16550A\n[    0.752812] Non-volatile memory driver v1.3\n[    0.752816] Linux agpgart interface v0.103\n[    0.753153] ahci 0000:00:11.0: version 3.0\n[    0.753256] ahci 0000:00:11.0: irq 42 for MSI/MSI-X\n[    0.753295] ahci 0000:00:11.0: AHCI 0001.0300 32 slots 1 ports 6 Gbps 0x1 impl SATA mode\n[    0.753298] ahci 0000:00:11.0: flags: 64bit ncq sntf ilck pm led clo pmp pio slum part \n[    0.753495] scsi0 : ahci\n[    0.753546] ata1: SATA max UDMA/133 abar m2048@0xfeb0d000 port 0xfeb0d100 irq 42\n[    0.753625] libphy: Fixed MDIO Bus: probed\n[    0.753677] ehci_hcd: USB 2.0 'Enhanced' Host Controller (EHCI) Driver\n[    0.753680] ehci-pci: EHCI PCI platform driver\n[    0.753763] QUIRK: Enable AMD PLL fix\n[    0.753776] ehci-pci 0000:00:12.2: EHCI Host Controller\n[    0.753819] ehci-pci 0000:00:12.2: new USB bus registered, assigned bus number 1\n[    0.753823] ehci-pci 0000:00:12.2: applying AMD SB700/SB800/Hudson-2/3 EHCI dummy qh workaround\n[    0.753832] ehci-pci 0000:00:12.2: debug port 1\n[    0.753862] ehci-pci 0000:00:12.2: irq 17, io mem 0xfeb0b000\n[    0.759379] ehci-pci 0000:00:12.2: USB 2.0 started, EHCI 1.00\n[    0.759431] usb usb1: New USB device found, idVendor=1d6b, idProduct=0002\n[    0.759433] usb usb1: New USB device strings: Mfr=3, Product=2, SerialNumber=1\n[    0.759435] usb usb1: Product: EHCI Host Controller\n[    0.759437] usb usb1: Manufacturer: Linux 3.16.1-301.fc21.i686 ehci_hcd\n[    0.759438] usb usb1: SerialNumber: 0000:00:12.2\n[    0.759574] hub 1-0:1.0: USB hub found\n[    0.759580] hub 1-0:1.0: 5 ports detected\n[    0.759813] ehci-pci 0000:00:13.2: EHCI Host Controller\n[    0.759863] ehci-pci 0000:00:13.2: new USB bus registered, assigned bus number 2\n[    0.759866] ehci-pci 0000:00:13.2: applying AMD SB700/SB800/Hudson-2/3 EHCI dummy qh workaround\n[    0.759875] ehci-pci 0000:00:13.2: debug port 1\n[    0.759900] ehci-pci 0000:00:13.2: irq 17, io mem 0xfeb09000\n[    0.765369] ehci-pci 0000:00:13.2: USB 2.0 started, EHCI 1.00\n[    0.765435] usb usb2: New USB device found, idVendor=1d6b, idProduct=0002\n[    0.765437] usb usb2: New USB device strings: Mfr=3, Product=2, SerialNumber=1\n[    0.765439] usb usb2: Product: EHCI Host Controller\n[    0.765441] usb usb2: Manufacturer: Linux 3.16.1-301.fc21.i686 ehci_hcd\n[    0.765442] usb usb2: SerialNumber: 0000:00:13.2\n[    0.765578] hub 2-0:1.0: USB hub found\n[    0.765583] hub 2-0:1.0: 5 ports detected\n[    0.765716] ohci_hcd: USB 1.1 'Open' Host Controller (OHCI) Driver\n[    0.765721] ohci-pci: OHCI PCI platform driver\n[    0.765835] ohci-pci 0000:00:12.0: OHCI PCI host controller\n[    0.765889] ohci-pci 0000:00:12.0: new USB bus registered, assigned bus number 3\n[    0.765914] ohci-pci 0000:00:12.0: irq 18, io mem 0xfeb0c000\n[    0.820347] usb usb3: New USB device found, idVendor=1d6b, idProduct=0001\n[    0.820351] usb usb3: New USB device strings: Mfr=3, Product=2, SerialNumber=1\n[    0.820353] usb usb3: Product: OHCI PCI host controller\n[    0.820354] usb usb3: Manufacturer: Linux 3.16.1-301.fc21.i686 ohci_hcd\n[    0.820356] usb usb3: SerialNumber: 0000:00:12.0\n[    0.820505] hub 3-0:1.0: USB hub found\n[    0.820512] hub 3-0:1.0: 5 ports detected\n[    0.820737] ohci-pci 0000:00:13.0: OHCI PCI host controller\n[    0.820788] ohci-pci 0000:00:13.0: new USB bus registered, assigned bus number 4\n[    0.820806] ohci-pci 0000:00:13.0: irq 18, io mem 0xfeb0a000\n[    0.875264] usb usb4: New USB device found, idVendor=1d6b, idProduct=0001\n[    0.875267] usb usb4: New USB device strings: Mfr=3, Product=2, SerialNumber=1\n[    0.875269] usb usb4: Product: OHCI PCI host controller\n[    0.875271] usb usb4: Manufacturer: Linux 3.16.1-301.fc21.i686 ohci_hcd\n[    0.875272] usb usb4: SerialNumber: 0000:00:13.0\n[    0.875423] hub 4-0:1.0: USB hub found\n[    0.875430] hub 4-0:1.0: 5 ports detected\n[    0.875649] ohci-pci 0000:00:14.5: OHCI PCI host controller\n[    0.875701] ohci-pci 0000:00:14.5: new USB bus registered, assigned bus number 5\n[    0.875718] ohci-pci 0000:00:14.5: irq 18, io mem 0xfeb08000\n[    0.930170] usb usb5: New USB device found, idVendor=1d6b, idProduct=0001\n[    0.930174] usb usb5: New USB device strings: Mfr=3, Product=2, SerialNumber=1\n[    0.930176] usb usb5: Product: OHCI PCI host controller\n[    0.930178] usb usb5: Manufacturer: Linux 3.16.1-301.fc21.i686 ohci_hcd\n[    0.930179] usb usb5: SerialNumber: 0000:00:14.5\n[    0.930333] hub 5-0:1.0: USB hub found\n[    0.930340] hub 5-0:1.0: 2 ports detected\n[    0.930433] uhci_hcd: USB Universal Host Controller Interface driver\n[    0.930573] xhci_hcd 0000:00:10.0: xHCI Host Controller\n[    0.930626] xhci_hcd 0000:00:10.0: new USB bus registered, assigned bus number 6\n[    0.930820] xhci_hcd 0000:00:10.0: irq 43 for MSI/MSI-X\n[    0.930824] xhci_hcd 0000:00:10.0: irq 44 for MSI/MSI-X\n[    0.930826] xhci_hcd 0000:00:10.0: irq 45 for MSI/MSI-X\n[    0.930897] usb usb6: New USB device found, idVendor=1d6b, idProduct=0002\n[    0.930899] usb usb6: New USB device strings: Mfr=3, Product=2, SerialNumber=1\n[    0.930901] usb usb6: Product: xHCI Host Controller\n[    0.930902] usb usb6: Manufacturer: Linux 3.16.1-301.fc21.i686 xhci_hcd\n[    0.930904] usb usb6: SerialNumber: 0000:00:10.0\n[    0.931008] hub 6-0:1.0: USB hub found\n[    0.931014] hub 6-0:1.0: 2 ports detected\n[    0.931085] xhci_hcd 0000:00:10.0: xHCI Host Controller\n[    0.931128] xhci_hcd 0000:00:10.0: new USB bus registered, assigned bus number 7\n[    0.934234] usb usb7: New USB device found, idVendor=1d6b, idProduct=0003\n[    0.934236] usb usb7: New USB device strings: Mfr=3, Product=2, SerialNumber=1\n[    0.934238] usb usb7: Product: xHCI Host Controller\n[    0.934239] usb usb7: Manufacturer: Linux 3.16.1-301.fc21.i686 xhci_hcd\n[    0.934241] usb usb7: SerialNumber: 0000:00:10.0\n[    0.934335] hub 7-0:1.0: USB hub found\n[    0.934341] hub 7-0:1.0: 2 ports detected\n[    0.934491] xhci_hcd 0000:00:10.1: xHCI Host Controller\n[    0.934535] xhci_hcd 0000:00:10.1: new USB bus registered, assigned bus number 8\n[    0.934721] xhci_hcd 0000:00:10.1: irq 46 for MSI/MSI-X\n[    0.934725] xhci_hcd 0000:00:10.1: irq 47 for MSI/MSI-X\n[    0.934730] xhci_hcd 0000:00:10.1: irq 48 for MSI/MSI-X\n[    0.934795] usb usb8: New USB device found, idVendor=1d6b, idProduct=0002\n[    0.934797] usb usb8: New USB device strings: Mfr=3, Product=2, SerialNumber=1\n[    0.934798] usb usb8: Product: xHCI Host Controller\n[    0.934800] usb usb8: Manufacturer: Linux 3.16.1-301.fc21.i686 xhci_hcd\n[    0.934801] usb usb8: SerialNumber: 0000:00:10.1\n[    0.934895] hub 8-0:1.0: USB hub found\n[    0.934901] hub 8-0:1.0: 2 ports detected\n[    0.934972] xhci_hcd 0000:00:10.1: xHCI Host Controller\n[    0.935017] xhci_hcd 0000:00:10.1: new USB bus registered, assigned bus number 9\n[    0.938141] usb usb9: New USB device found, idVendor=1d6b, idProduct=0003\n[    0.938143] usb usb9: New USB device strings: Mfr=3, Product=2, SerialNumber=1\n[    0.938144] usb usb9: Product: xHCI Host Controller\n[    0.938146] usb usb9: Manufacturer: Linux 3.16.1-301.fc21.i686 xhci_hcd\n[    0.938147] usb usb9: SerialNumber: 0000:00:10.1\n[    0.938243] hub 9-0:1.0: USB hub found\n[    0.938250] hub 9-0:1.0: 2 ports detected\n[    0.938358] usbcore: registered new interface driver usbserial\n[    0.938366] usbcore: registered new interface driver usbserial_generic\n[    0.938373] usbserial: USB Serial support registered for generic\n[    0.938408] i8042: PNP: No PS/2 controller found. Probing ports directly.\n[    0.938810] serio: i8042 KBD port at 0x60,0x64 irq 1\n[    0.938813] serio: i8042 AUX port at 0x60,0x64 irq 12\n[    0.938900] mousedev: PS/2 mouse device common for all mice\n[    0.939100] rtc_cmos 00:05: RTC can wake from S4\n[    0.939208] rtc_cmos 00:05: rtc core: registered rtc_cmos as rtc0\n[    0.939229] rtc_cmos 00:05: alarms up to one month, y3k, 114 bytes nvram, hpet irqs\n[    0.939294] device-mapper: uevent: version 1.0.3\n[    0.939366] device-mapper: ioctl: 4.27.0-ioctl (2013-10-30) initialised: dm-devel@redhat.com\n[    0.939687] hidraw: raw HID events driver (C) Jiri Kosina\n[    0.939807] usbcore: registered new interface driver usbhid\n[    0.939808] usbhid: USB HID core driver\n[    0.939833] drop_monitor: Initializing network drop monitor service\n[    0.939896] ip_tables: (C) 2000-2006 Netfilter Core Team\n[    0.939933] TCP: cubic registered\n[    0.939947] Initializing XFRM netlink socket\n[    0.940056] NET: Registered protocol family 10\n[    0.940226] mip6: Mobile IPv6\n[    0.940229] NET: Registered protocol family 17\n[    0.940446] Using IPI No-Shortcut mode\n[    0.940569] Loading compiled-in X.509 certificates\n[    0.943471] Loaded X.509 cert 'Fedora kernel signing key: a46a583bc2ce887e7baaf425120f0ee67ab2e412'\n[    0.943487] registered taskstats version 1\n[    0.943794]   Magic number: 6:309:657\n[    0.943850] rtc_cmos 00:05: setting system clock to 2014-11-02 00:40:23 UTC (1414888823)\n[    0.943911] PM: Hibernation image not present or could not be loaded.\n[    1.212679] ata1: SATA link up 3.0 Gbps (SStatus 123 SControl 300)\n[    1.213410] ata1.00: ATA-8: WDC WD5000AAKX-001CA0, 03.03B.3, max UDMA/133\n[    1.213413] ata1.00: 976773168 sectors, multi 16: LBA48 NCQ (depth 31/32), AA\n[    1.214295] ata1.00: configured for UDMA/133\n[    1.214408] scsi 0:0:0:0: Direct-Access     ATA      WDC WD5000AAKX-0 3B.3 PQ: 0 ANSI: 5\n[    1.214634] sd 0:0:0:0: Attached scsi generic sg0 type 0\n[    1.214635] sd 0:0:0:0: [sda] 976773168 512-byte logical blocks: (500 GB/465 GiB)\n[    1.214676] sd 0:0:0:0: [sda] Write Protect is off\n[    1.214679] sd 0:0:0:0: [sda] Mode Sense: 00 3a 00 00\n[    1.214712] sd 0:0:0:0: [sda] Write cache: enabled, read cache: enabled, doesn't support DPO or FUA\n[    1.242702]  sda: sda1 sda2 sda3\n[    1.243101] sd 0:0:0:0: [sda] Attached SCSI disk\n[    1.243288] Freeing unused kernel memory: 720K (c0d4a000 - c0dfe000)\n[    1.243334] Write protecting the kernel text: 6324k\n[    1.243367] Write protecting the kernel read-only data: 2532k\n[    1.245050] random: systemd urandom read with 14 bits of entropy available\n[    1.398292] usb 4-4: new low-speed USB device number 2 using ohci-pci\n[    1.442237] systemd-udevd[218]: starting version 215\n[    1.517825] r8169 Gigabit Ethernet driver 2.3LK-NAPI loaded\n[    1.518044] r8169 0000:02:00.0: irq 49 for MSI/MSI-X\n[    1.521074] r8169 0000:02:00.0 eth0: RTL8168evl/8111evl at 0xf7c14000, 94:de:80:29:be:92, XID 0c900800 IRQ 49\n[    1.521077] r8169 0000:02:00.0 eth0: jumbo features [frames: 9200 bytes, tx checksumming: ko]\n[    1.523277] [drm] Initialized drm 1.1.0 20060810\n[    1.551171] usb 4-4: New USB device found, idVendor=046d, idProduct=c31c\n[    1.551176] usb 4-4: New USB device strings: Mfr=1, Product=2, SerialNumber=0\n[    1.551178] usb 4-4: Product: USB Keyboard\n[    1.551181] usb 4-4: Manufacturer: Logitech\n[    1.552713] systemd-udevd[221]: renamed network interface eth0 to enp2s0\n[    1.562426] input: Logitech USB Keyboard as /devices/pci0000:00/0000:00:13.0/usb4/4-4/4-4:1.0/0003:046D:C31C.0001/input/input5\n[    1.562513] hid-generic 0003:046D:C31C.0001: input,hidraw0: USB HID v1.10 Keyboard [Logitech USB Keyboard] on usb-0000:00:13.0-4/input0\n[    1.576190] input: Logitech USB Keyboard as /devices/pci0000:00/0000:00:13.0/usb4/4-4/4-4:1.1/0003:046D:C31C.0002/input/input6\n[    1.576269] hid-generic 0003:046D:C31C.0002: input,hidraw1: USB HID v1.10 Device [Logitech USB Keyboard] on usb-0000:00:13.0-4/input1\n[    1.621898] [drm] radeon kernel modesetting enabled.\n[    1.622193] [drm] initializing kernel modesetting (VERDE 0x1002:0x683D 0x7333:0x0000).\n[    1.622206] [drm] register mmio base: 0xFEA00000\n[    1.622208] [drm] register mmio size: 262144\n[    1.622265] ATOM BIOS: C44101\n[    1.622409] radeon 0000:01:00.0: VRAM: 1024M 0x0000000000000000 - 0x000000003FFFFFFF (1024M used)\n[    1.622412] radeon 0000:01:00.0: GTT: 1024M 0x0000000040000000 - 0x000000007FFFFFFF\n[    1.622413] [drm] Detected VRAM RAM=1024M, BAR=256M\n[    1.622415] [drm] RAM width 128bits DDR\n[    1.622472] [TTM] Zone  kernel: Available graphics memory: 431286 kiB\n[    1.622473] [TTM] Zone highmem: Available graphics memory: 1541622 kiB\n[    1.622474] [TTM] Initializing pool allocator\n[    1.622478] [TTM] Initializing DMA pool allocator\n[    1.622494] [drm] radeon: 1024M of VRAM memory ready\n[    1.622495] [drm] radeon: 1024M of GTT memory ready.\n[    1.622505] [drm] Loading VERDE Microcode\n[    1.622605] [drm] radeon/VERDE_mc2.bin: 31500 bytes\n[    1.622650] [drm] Internal thermal controller with fan control\n[    1.622710] [drm] probing gen 2 caps for device 1022:1412 = 700d02/6\n[    1.632932] [drm] radeon: dpm initialized\n[    1.633089] [drm] GART: num cpu pages 262144, num gpu pages 262144\n[    1.633871] [drm] probing gen 2 caps for device 1022:1412 = 700d02/6\n[    1.633875] [drm] PCIE gen 2 link speeds already enabled\n[    1.642689] [drm] PCIE GART of 1024M enabled (table at 0x0000000000276000).\n[    1.642809] radeon 0000:01:00.0: WB enabled\n[    1.642812] radeon 0000:01:00.0: fence driver on ring 0 use gpu addr 0x0000000040000c00 and cpu addr 0xff465c00\n[    1.642814] radeon 0000:01:00.0: fence driver on ring 1 use gpu addr 0x0000000040000c04 and cpu addr 0xff465c04\n[    1.642816] radeon 0000:01:00.0: fence driver on ring 2 use gpu addr 0x0000000040000c08 and cpu addr 0xff465c08\n[    1.642818] radeon 0000:01:00.0: fence driver on ring 3 use gpu addr 0x0000000040000c0c and cpu addr 0xff465c0c\n[    1.642820] radeon 0000:01:00.0: fence driver on ring 4 use gpu addr 0x0000000040000c10 and cpu addr 0xff465c10\n[    1.644365] radeon 0000:01:00.0: fence driver on ring 5 use gpu addr 0x0000000000075a18 and cpu addr 0xf81b5a18\n[    1.644367] [drm] Supports vblank timestamp caching Rev 2 (21.10.2013).\n[    1.644369] [drm] Driver supports precise vblank timestamp query.\n[    1.644387] radeon 0000:01:00.0: irq 50 for MSI/MSI-X\n[    1.644400] radeon 0000:01:00.0: radeon: using MSI.\n[    1.644430] [drm] radeon: irq initialized.\n[    1.802652] usb 4-5: new low-speed USB device number 3 using ohci-pci\n[    1.951548] usb 4-5: New USB device found, idVendor=046d, idProduct=c077\n[    1.951553] usb 4-5: New USB device strings: Mfr=1, Product=2, SerialNumber=0\n[    1.951557] usb 4-5: Product: USB Optical Mouse\n[    1.951560] usb 4-5: Manufacturer: Logitech\n[    1.958938] input: Logitech USB Optical Mouse as /devices/pci0000:00/0000:00:13.0/usb4/4-5/4-5:1.0/0003:046D:C077.0003/input/input7\n[    1.959217] hid-generic 0003:046D:C077.0003: input,hidraw2: USB HID v1.11 Mouse [Logitech USB Optical Mouse] on usb-0000:00:13.0-5/input0\n[    1.991700] tsc: Refined TSC clocksource calibration: 3600.000 MHz\n[    2.041267] raid6: mmxx1     3300 MB/s\n[    2.058232] raid6: mmxx2     5667 MB/s\n[    2.075219] raid6: sse1x1    3250 MB/s\n[    2.092183] raid6: sse1x2    5000 MB/s\n[    2.109154] raid6: sse2x1    6375 MB/s\n[    2.126128] raid6: sse2x2    9226 MB/s\n[    2.126131] raid6: using algorithm sse2x2 (9226 MB/s)\n[    2.126134] raid6: using ssse3x1 recovery algorithm\n[    2.130780] xor: automatically using best checksumming function:\n[    2.140103]    avx       :  2392.000 MB/sec\n[    2.171877] [drm] ring test on 0 succeeded in 1 usecs\n[    2.171884] [drm] ring test on 1 succeeded in 1 usecs\n[    2.171901] [drm] ring test on 2 succeeded in 1 usecs\n[    2.171969] [drm] ring test on 3 succeeded in 4 usecs\n[    2.171977] [drm] ring test on 4 succeeded in 1 usecs\n[    2.211185] Btrfs loaded\n[    2.212142] BTRFS: device label fedora devid 1 transid 161 /dev/sda3\n[    2.358864] [drm] ring test on 5 succeeded in 2 usecs\n[    2.358873] [drm] UVD initialized successfully.\n[    2.359053] [drm] ib test on ring 0 succeeded in 0 usecs\n[    2.359083] [drm] ib test on ring 1 succeeded in 0 usecs\n[    2.359108] [drm] ib test on ring 2 succeeded in 0 usecs\n[    2.359154] [drm] ib test on ring 3 succeeded in 0 usecs\n[    2.359208] [drm] ib test on ring 4 succeeded in 1 usecs\n[    2.510883] [drm] ib test on ring 5 succeeded\n[    2.511415] [drm] Radeon Display Connectors\n[    2.511417] [drm] Connector 0:\n[    2.511418] [drm]   DP-1\n[    2.511419] [drm]   HPD4\n[    2.511421] [drm]   DDC: 0x6540 0x6540 0x6544 0x6544 0x6548 0x6548 0x654c 0x654c\n[    2.511423] [drm]   Encoders:\n[    2.511424] [drm]     DFP1: INTERNAL_UNIPHY2\n[    2.511425] [drm] Connector 1:\n[    2.511426] [drm]   HDMI-A-1\n[    2.511427] [drm]   HPD1\n[    2.511429] [drm]   DDC: 0x6570 0x6570 0x6574 0x6574 0x6578 0x6578 0x657c 0x657c\n[    2.511430] [drm]   Encoders:\n[    2.511431] [drm]     DFP2: INTERNAL_UNIPHY2\n[    2.511432] [drm] Connector 2:\n[    2.511433] [drm]   DVI-I-1\n[    2.511434] [drm]   HPD2\n[    2.511436] [drm]   DDC: 0x6560 0x6560 0x6564 0x6564 0x6568 0x6568 0x656c 0x656c\n[    2.511436] [drm]   Encoders:\n[    2.511437] [drm]     DFP3: INTERNAL_UNIPHY\n[    2.511439] [drm]     CRT1: INTERNAL_KLDSCP_DAC1\n[    2.555460] [drm] fb mappable at 0xC0479000\n[    2.555464] [drm] vram apper at 0xC0000000\n[    2.555467] [drm] size 8294400\n[    2.555468] [drm] fb depth is 24\n[    2.555470] [drm]    pitch is 7680\n[    2.555558] fbcon: radeondrmfb (fb0) is primary device\n[    2.740042] [drm:si_dpm_set_power_state] *ERROR* si_disable_ulv failed\n[    2.752676] Console: switching to colour frame buffer device 240x67\n[    2.759093] radeon 0000:01:00.0: fb0: radeondrmfb frame buffer device\n[    2.759095] radeon 0000:01:00.0: registered panic notifier\n[    2.779025] [drm] Initialized radeon 2.39.0 20080528 for 0000:01:00.0 on minor 0\n[    2.801190] PM: Starting manual resume from disk\n[    2.801196] PM: Hibernation image partition 8:2 present\n[    2.801199] PM: Looking for hibernation image.\n[    2.801380] PM: Image not found (code -22)\n[    2.801382] PM: Hibernation image not present or could not be loaded.\n[    2.840230] BTRFS info (device sda3): disk space caching is enabled\n[    2.886499] random: nonblocking pool is initialized\n[    2.989816] Switched to clocksource tsc\n[    3.257120] systemd-journald[107]: Received SIGTERM from PID 1 (systemd).\n[    3.970447] audit: type=1404 audit(1414888826.530:2): enforcing=1 old_enforcing=0 auid=4294967295 ses=4294967295\n[    4.075517] SELinux: 2048 avtab hash slots, 103124 rules.\n[    4.089274] SELinux: 2048 avtab hash slots, 103124 rules.\n[    4.107979] SELinux:  8 users, 102 roles, 4962 types, 294 bools, 1 sens, 1024 cats\n[    4.107983] SELinux:  83 classes, 103124 rules\n[    4.112420] SELinux:  Permission audit_read in class capability2 not defined in policy.\n[    4.112426] SELinux: the above unknown classes and permissions will be allowed\n[    4.112433] SELinux:  Completing initialization.\n[    4.112434] SELinux:  Setting up existing superblocks.\n[    4.112441] SELinux: initialized (dev rootfs, type rootfs), uses genfs_contexts\n[    4.112451] SELinux: initialized (dev bdev, type bdev), uses genfs_contexts\n[    4.112457] SELinux: initialized (dev proc, type proc), uses genfs_contexts\n[    4.112508] SELinux: initialized (dev tmpfs, type tmpfs), uses transition SIDs\n[    4.112556] SELinux: initialized (dev devtmpfs, type devtmpfs), uses transition SIDs\n[    4.113141] SELinux: initialized (dev debugfs, type debugfs), uses genfs_contexts\n[    4.114257] SELinux: initialized (dev sockfs, type sockfs), uses task SIDs\n[    4.114260] SELinux: initialized (dev pipefs, type pipefs), uses task SIDs\n[    4.114265] SELinux: initialized (dev anon_inodefs, type anon_inodefs), uses genfs_contexts\n[    4.114267] SELinux: initialized (dev aio, type aio), not configured for labeling\n[    4.114270] SELinux: initialized (dev devpts, type devpts), uses transition SIDs\n[    4.114285] SELinux: initialized (dev hugetlbfs, type hugetlbfs), uses transition SIDs\n[    4.114292] SELinux: initialized (dev mqueue, type mqueue), uses transition SIDs\n[    4.114300] SELinux: initialized (dev selinuxfs, type selinuxfs), uses genfs_contexts\n[    4.114312] SELinux: initialized (dev sysfs, type sysfs), uses genfs_contexts\n[    4.114658] SELinux: initialized (dev securityfs, type